ARM Linker, 5.03 [Build 76] [MDK-ARM Lite]

==============================================================================

Section Cross References

    startup.o(STACK) refers (Special) to heapauxi.o(.text) for __use_two_region_memory
    startup.o(HEAP) refers (Special) to heapauxi.o(.text) for __use_two_region_memory
    startup.o(RESET) refers (Special) to heapauxi.o(.text) for __use_two_region_memory
    startup.o(RESET) refers to hal_arm.o(.emb_text) for SWI_Handler
    startup.o(RESET) refers to startup.o(STACK) for Stack_Top
    startup.o(RESET) refers to __main.o(!!!main) for __main
    startup.o(.text) refers (Special) to heapauxi.o(.text) for __use_two_region_memory
    startup.o(.text) refers to startup.o(HEAP) for Heap_Mem
    startup.o(.text) refers to startup.o(STACK) for Stack_Mem
    rtx_conf_lpc21xx.o(.text) refers to rt_task.o(i.os_tsk_self) for os_tsk_self
    rtx_conf_lpc21xx.o(.text) refers to rt_mutex.o(i.os_mut_init) for os_mut_init
    rtx_conf_lpc21xx.o(.text) refers to rt_mutex.o(i.os_mut_wait) for os_mut_wait
    rtx_conf_lpc21xx.o(.text) refers to rt_mutex.o(i.os_mut_release) for os_mut_release
    rtx_conf_lpc21xx.o(.text) refers to rtx_conf_lpc21xx.o(.text) for os_def_interrupt
    rtx_conf_lpc21xx.o(.text) refers to hal_arm.o(.emb_text) for os_clock_interrupt
    rtx_conf_lpc21xx.o(.text) refers to rtx_conf_lpc21xx.o(.bss) for .bss
    rtx_conf_lpc21xx.o(.text) refers to libspace.o(.bss) for __libspace_start
    rtx_conf_lpc21xx.o(.text) refers to rtx_conf_lpc21xx.o(.data) for .data
    led_blink_main.o(.text) refers to rt_task.o(i.os_tsk_create0) for os_tsk_create0
    led_blink_main.o(.text) refers to rt_time.o(i.os_dly_wait) for os_dly_wait
    led_blink_main.o(.text) refers to hal_arm.o(.emb_text) for os_sys_init0
    led_blink_main.o(.text) refers to led_blink_main.o(.data) for tid2
    rt_task.o(i.os_block) refers to rt_list.o(i.os_put_dly) for os_put_dly
    rt_task.o(i.os_block) refers to rt_list.o(i.os_get_first) for os_get_first
    rt_task.o(i.os_block) refers to rt_task.o(.data) for .data
    rt_task.o(i.os_block) refers to rt_list.o(.bss) for os_rdy
    rt_task.o(i.os_dispatch) refers to rt_list.o(i.os_put_rdy_first) for os_put_rdy_first
    rt_task.o(i.os_dispatch) refers to rt_list.o(i.os_get_first) for os_get_first
    rt_task.o(i.os_dispatch) refers to rt_list.o(i.os_put_prio) for os_put_prio
    rt_task.o(i.os_dispatch) refers to rt_task.o(.data) for .data
    rt_task.o(i.os_dispatch) refers to rt_list.o(.bss) for os_rdy
    rt_task.o(i.os_init_context) refers to hal_arm.o(i.os_init_stack) for os_init_stack
    rt_task.o(i.os_init_context) refers to rtx_conf_lpc21xx.o(.bss) for mp_stk
    rt_task.o(i.os_sys_init1) refers to rt_membox.o(i._init_box) for _init_box
    rt_task.o(i.os_sys_init1) refers to rt_task.o(i.os_init_context) for os_init_context
    rt_task.o(i.os_sys_init1) refers to hal_arm.o(.emb_text) for os_set_env
    rt_task.o(i.os_sys_init1) refers to rtx_conf_lpc21xx.o(.text) for os_tmr_init
    rt_task.o(i.os_sys_init1) refers to rt_robin.o(i.os_init_robin) for os_init_robin
    rt_task.o(i.os_sys_init1) refers to rtx_conf_lpc21xx.o(.text) for os_idle_demon
    rt_task.o(i.os_sys_init1) refers to rtx_conf_lpc21xx.o(.bss) for os_active_TCB
    rt_task.o(i.os_sys_init1) refers to rtx_conf_lpc21xx.o(.constdata) for os_maxtaskrun
    rt_task.o(i.os_sys_init1) refers to rtx_conf_lpc21xx.o(.data) for m_tmr
    rt_task.o(i.os_sys_init1) refers to rt_task.o(.bss) for .bss
    rt_task.o(i.os_sys_init1) refers to rt_list.o(.bss) for os_rdy
    rt_task.o(i.os_sys_init1) refers to rt_task.o(.data) for .data
    rt_task.o(i.os_sys_init1) refers to rt_task.o(i.os_tsk_create0) for os_tsk_create0
    rt_task.o(i.os_tsk_create0) refers to rt_task.o(i.os_init_context) for os_init_context
    rt_task.o(i.os_tsk_create0) refers to rtx_conf_lpc21xx.o(.text) for tsk_unlock
    rt_task.o(i.os_tsk_create0) refers to rt_task.o(i.os_dispatch) for os_dispatch
    rt_task.o(i.os_tsk_create0) refers to rtx_conf_lpc21xx.o(.bss) for mp_tcb
    rt_task.o(i.os_tsk_create0) refers to rtx_conf_lpc21xx.o(.constdata) for os_maxtaskrun
    rt_task.o(i.os_tsk_create_ex0) refers to rt_task.o(i.os_tsk_create0) for os_tsk_create0
    rt_task.o(i.os_tsk_delete) refers to hal_arm.o(i.os_stk_check) for os_stk_check
    rt_task.o(i.os_tsk_delete) refers to rt_list.o(i.os_get_first) for os_get_first
    rt_task.o(i.os_tsk_delete) refers to rt_list.o(i.os_rmv_dly) for os_rmv_dly
    rt_task.o(i.os_tsk_delete) refers to rt_list.o(i.os_put_prio) for os_put_prio
    rt_task.o(i.os_tsk_delete) refers to rt_list.o(i.os_rmv_list) for os_rmv_list
    rt_task.o(i.os_tsk_delete) refers to rtx_conf_lpc21xx.o(.text) for tsk_unlock
    rt_task.o(i.os_tsk_delete) refers to rt_task.o(i.os_dispatch) for os_dispatch
    rt_task.o(i.os_tsk_delete) refers to rtx_conf_lpc21xx.o(.bss) for os_active_TCB
    rt_task.o(i.os_tsk_delete) refers to rt_task.o(.data) for .data
    rt_task.o(i.os_tsk_delete) refers to rt_list.o(.bss) for os_rdy
    rt_task.o(i.os_tsk_delete) refers to rtx_conf_lpc21xx.o(.constdata) for os_maxtaskrun
    rt_task.o(i.os_tsk_pass) refers to rt_list.o(i.os_get_same_rdy_prio) for os_get_same_rdy_prio
    rt_task.o(i.os_tsk_pass) refers to rt_list.o(i.os_put_prio) for os_put_prio
    rt_task.o(i.os_tsk_pass) refers to rtx_conf_lpc21xx.o(.text) for tsk_unlock
    rt_task.o(i.os_tsk_pass) refers to rt_task.o(.data) for .data
    rt_task.o(i.os_tsk_pass) refers to rt_list.o(.bss) for os_rdy
    rt_task.o(i.os_tsk_prio) refers to rt_list.o(i.os_put_prio) for os_put_prio
    rt_task.o(i.os_tsk_prio) refers to rtx_conf_lpc21xx.o(.text) for tsk_unlock
    rt_task.o(i.os_tsk_prio) refers to rt_list.o(i.os_resort_prio) for os_resort_prio
    rt_task.o(i.os_tsk_prio) refers to rt_list.o(i.os_get_first) for os_get_first
    rt_task.o(i.os_tsk_prio) refers to rt_task.o(i.os_dispatch) for os_dispatch
    rt_task.o(i.os_tsk_prio) refers to rt_task.o(.data) for .data
    rt_task.o(i.os_tsk_prio) refers to rtx_conf_lpc21xx.o(.constdata) for os_maxtaskrun
    rt_task.o(i.os_tsk_prio) refers to rtx_conf_lpc21xx.o(.bss) for os_active_TCB
    rt_task.o(i.os_tsk_prio) refers to rt_list.o(.bss) for os_rdy
    rt_task.o(i.os_tsk_self) refers to rt_task.o(.data) for .data
    rt_time.o(i.os_dly_wait) refers to rt_task.o(i.os_block) for os_block
    rt_time.o(i.os_dly_wait) refers to rtx_conf_lpc21xx.o(.text) for tsk_unlock
    rt_time.o(i.os_itv_set) refers to rt_task.o(.data) for os_runtask
    rt_time.o(i.os_itv_set) refers to rt_time.o(.data) for .data
    rt_time.o(i.os_itv_wait) refers to rt_task.o(i.os_block) for os_block
    rt_time.o(i.os_itv_wait) refers to rtx_conf_lpc21xx.o(.text) for tsk_unlock
    rt_time.o(i.os_itv_wait) refers to rt_task.o(.data) for os_runtask
    rt_time.o(i.os_itv_wait) refers to rt_time.o(.data) for .data
    rt_time.o(i.os_time_get) refers to rt_time.o(.data) for .data
    rt_mutex.o(i.os_mut_init) refers to rtx_conf_lpc21xx.o(.text) for tsk_unlock
    rt_mutex.o(i.os_mut_init) refers to rt_task.o(.data) for os_runtask
    rt_mutex.o(i.os_mut_release) refers to rtx_conf_lpc21xx.o(.text) for tsk_unlock
    rt_mutex.o(i.os_mut_release) refers to rt_list.o(i.os_get_first) for os_get_first
    rt_mutex.o(i.os_mut_release) refers to rt_list.o(i.os_rmv_dly) for os_rmv_dly
    rt_mutex.o(i.os_mut_release) refers to rt_list.o(i.os_put_prio) for os_put_prio
    rt_mutex.o(i.os_mut_release) refers to rt_task.o(i.os_dispatch) for os_dispatch
    rt_mutex.o(i.os_mut_release) refers to rt_task.o(.data) for os_runtask
    rt_mutex.o(i.os_mut_release) refers to rt_list.o(.bss) for os_rdy
    rt_mutex.o(i.os_mut_wait) refers to rtx_conf_lpc21xx.o(.text) for tsk_unlock
    rt_mutex.o(i.os_mut_wait) refers to rt_list.o(i.os_resort_prio) for os_resort_prio
    rt_mutex.o(i.os_mut_wait) refers to rt_list.o(i.os_put_prio) for os_put_prio
    rt_mutex.o(i.os_mut_wait) refers to rt_task.o(i.os_block) for os_block
    rt_mutex.o(i.os_mut_wait) refers to rt_task.o(.data) for os_runtask
    hal_arm.o(.emb_text) refers to hal_arm.o(.data) for sys_stktop
    hal_arm.o(.emb_text) refers to rt_task.o(i.os_sys_init1) for os_sys_init1
    hal_arm.o(.emb_text) refers to hal_arm.o(.data) for sys_mode
    hal_arm.o(.emb_text) refers to rtx_conf_lpc21xx.o(.text) for os_irq_ack_lock
    hal_arm.o(.emb_text) refers to rt_system.o(.data) for os_psh
    hal_arm.o(.emb_text) refers to rt_system.o(i.os_sys_manager) for os_sys_manager
    hal_arm.o(.emb_text) refers to SWI_Table.o(SWI_TABLE) for SWI_Table
    hal_arm.o(i.__SWI_0) refers to hal_arm.o(i.os_stk_check) for os_stk_check
    hal_arm.o(i.__SWI_0) refers to rtx_conf_lpc21xx.o(.text) for tsk_unlock
    hal_arm.o(i.__SWI_0) refers to hal_arm.o(.emb_text) for os_switch_tasks_ret
    hal_arm.o(i.__SWI_0) refers to rt_task.o(.data) for os_runtask
    hal_arm.o(i.os_init_stack) refers to rtx_conf_lpc21xx.o(.constdata) for os_stackinfo
    hal_arm.o(i.os_init_stack) refers to hal_arm.o(.data) for .data
    hal_arm.o(i.os_stk_check) refers to rtx_conf_lpc21xx.o(.text) for os_error
    hal_arm.o(i.os_stk_check) refers to rt_task.o(.data) for os_runtask
    rt_system.o(i.os_psh_req) refers to rtx_conf_lpc21xx.o(.text) for os_tmr_inspect_ovf
    rt_system.o(i.os_psh_req) refers to rt_system.o(.data) for .data
    rt_system.o(i.os_resume) refers to rt_list.o(i.os_put_rdy_first) for os_put_rdy_first
    rt_system.o(i.os_resume) refers to rt_list.o(i.os_dec_dly) for os_dec_dly
    rt_system.o(i.os_resume) refers to rt_timer.o(i.os_tmr_tick) for os_tmr_tick
    rt_system.o(i.os_resume) refers to rt_task.o(i.os_dispatch) for os_dispatch
    rt_system.o(i.os_resume) refers to rtx_conf_lpc21xx.o(.text) for tsk_unlock
    rt_system.o(i.os_resume) refers to rt_task.o(.data) for os_runtask
    rt_system.o(i.os_resume) refers to rt_robin.o(.data) for os_robin
    rt_system.o(i.os_resume) refers to rt_list.o(.bss) for os_dly
    rt_system.o(i.os_resume) refers to rt_time.o(.data) for os_time
    rt_system.o(i.os_resume) refers to rt_timer.o(.data) for os_tmr
    rt_system.o(i.os_suspend) refers to rt_list.o(.bss) for os_dly
    rt_system.o(i.os_suspend) refers to rt_timer.o(.data) for os_tmr
    rt_system.o(i.os_sys_manager) refers to rt_list.o(i.os_put_rdy_first) for os_put_rdy_first
    rt_system.o(i.os_sys_manager) refers to rtx_conf_lpc21xx.o(.text) for os_tmr_inspect_cnt
    rt_system.o(i.os_sys_manager) refers to rt_robin.o(i.os_chk_robin) for os_chk_robin
    rt_system.o(i.os_sys_manager) refers to rt_list.o(i.os_dec_dly) for os_dec_dly
    rt_system.o(i.os_sys_manager) refers to rt_semaphore.o(i.os_sem_psh) for os_sem_psh
    rt_system.o(i.os_sys_manager) refers to hal_arm.o(.emb_text) for _dec_qc
    rt_system.o(i.os_sys_manager) refers to rt_event.o(i.os_evt_psh) for os_evt_psh
    rt_system.o(i.os_sys_manager) refers to rt_mailbox.o(i.os_mbx_psh) for os_mbx_psh
    rt_system.o(i.os_sys_manager) refers to rt_timer.o(i.os_tmr_tick) for os_tmr_tick
    rt_system.o(i.os_sys_manager) refers to hal_arm.o(i.os_stk_check) for os_stk_check
    rt_system.o(i.os_sys_manager) refers to rt_list.o(i.os_get_first) for os_get_first
    rt_system.o(i.os_sys_manager) refers to rt_task.o(.data) for os_runtask
    rt_system.o(i.os_sys_manager) refers to rt_system.o(.data) for .data
    rt_system.o(i.os_sys_manager) refers to rt_time.o(.data) for os_time
    rt_system.o(i.os_sys_manager) refers to rtx_conf_lpc21xx.o(.bss) for os_fifo
    rt_system.o(i.os_sys_manager) refers to rt_list.o(.bss) for os_rdy
    rt_list.o(i.os_dec_dly) refers to rt_list.o(i.os_put_prio) for os_put_prio
    rt_list.o(i.os_dec_dly) refers to rt_list.o(.bss) for .bss
    rt_list.o(i.os_dec_dly) refers to rt_time.o(.data) for os_time
    rt_list.o(i.os_get_same_rdy_prio) refers to rt_list.o(.bss) for .bss
    rt_list.o(i.os_get_same_rdy_prio) refers to rt_task.o(.data) for os_runtask
    rt_list.o(i.os_psq_enq) refers to hal_arm.o(.emb_text) for _inc_qi
    rt_list.o(i.os_psq_enq) refers to rtx_conf_lpc21xx.o(.text) for os_error
    rt_list.o(i.os_psq_enq) refers to rtx_conf_lpc21xx.o(.bss) for os_fifo
    rt_list.o(i.os_put_dly) refers to rt_list.o(.bss) for .bss
    rt_list.o(i.os_put_rdy_first) refers to rt_list.o(.bss) for .bss
    rt_list.o(i.os_resort_prio) refers to rt_list.o(i.os_rmv_list) for os_rmv_list
    rt_list.o(i.os_resort_prio) refers to rt_list.o(i.os_put_prio) for os_put_prio
    rt_list.o(i.os_resort_prio) refers to rt_list.o(.bss) for .bss
    rt_list.o(i.os_rmv_list) refers to rt_list.o(.bss) for .bss
    rt_robin.o(i.os_chk_robin) refers to rt_list.o(i.os_get_first) for os_get_first
    rt_robin.o(i.os_chk_robin) refers to rt_list.o(i.os_put_prio) for os_put_prio
    rt_robin.o(i.os_chk_robin) refers to rt_robin.o(.data) for .data
    rt_robin.o(i.os_chk_robin) refers to rt_list.o(.bss) for os_rdy
    rt_robin.o(i.os_chk_robin) refers to rt_time.o(.data) for os_time
    rt_robin.o(i.os_init_robin) refers to rt_robin.o(.data) for .data
    rt_robin.o(i.os_init_robin) refers to rtx_conf_lpc21xx.o(.constdata) for os_rrobin
    SWI_Table.o(SWI_TABLE) refers to hal_arm.o(i.__SWI_0) for __SWI_0
    SWI_Table.o(SWI_TABLE) refers to rt_membox.o(i.__SWI_1) for __SWI_1
    SWI_Table.o(SWI_TABLE) refers to rt_membox.o(i.__SWI_2) for __SWI_2
    SWI_Table.o(SWI_TABLE) refers to hal_arm.o(i.__SWI_3) for __SWI_3
    SWI_Table.o(SWI_TABLE) refers to hal_arm.o(i.__SWI_4) for __SWI_4
    SWI_Table.o(SWI_TABLE) refers to rtx_conf_lpc21xx.o(.text) for __SWI_5
    SWI_Table.o(SWI_TABLE) refers to hal_arm.o(i.__SWI_6) for __SWI_6
    SWI_Table.o(SWI_TABLE) refers to hal_arm.o(i.__SWI_7) for __SWI_7
    rt_event.o(i.isr_evt_set) refers to rt_list.o(i.os_psq_enq) for os_psq_enq
    rt_event.o(i.isr_evt_set) refers to rt_system.o(i.os_psh_req) for os_psh_req
    rt_event.o(i.isr_evt_set) refers to rtx_conf_lpc21xx.o(.bss) for os_active_TCB
    rt_event.o(i.os_evt_clr) refers to rtx_conf_lpc21xx.o(.text) for tsk_unlock
    rt_event.o(i.os_evt_clr) refers to rtx_conf_lpc21xx.o(.bss) for os_active_TCB
    rt_event.o(i.os_evt_get) refers to rt_task.o(.data) for os_runtask
    rt_event.o(i.os_evt_psh) refers to rt_list.o(i.os_rmv_dly) for os_rmv_dly
    rt_event.o(i.os_evt_psh) refers to rt_list.o(i.os_put_prio) for os_put_prio
    rt_event.o(i.os_evt_psh) refers to rt_list.o(.bss) for os_rdy
    rt_event.o(i.os_evt_set) refers to rt_list.o(i.os_rmv_dly) for os_rmv_dly
    rt_event.o(i.os_evt_set) refers to rt_task.o(i.os_dispatch) for os_dispatch
    rt_event.o(i.os_evt_set) refers to rtx_conf_lpc21xx.o(.text) for tsk_unlock
    rt_event.o(i.os_evt_set) refers to rtx_conf_lpc21xx.o(.bss) for os_active_TCB
    rt_event.o(i.os_evt_wait) refers to rt_task.o(i.os_block) for os_block
    rt_event.o(i.os_evt_wait) refers to rtx_conf_lpc21xx.o(.text) for tsk_unlock
    rt_event.o(i.os_evt_wait) refers to rt_task.o(.data) for os_runtask
    rt_mailbox.o(i.isr_mbx_receive) refers to rt_list.o(i.os_psq_enq) for os_psq_enq
    rt_mailbox.o(i.isr_mbx_receive) refers to rt_system.o(i.os_psh_req) for os_psh_req
    rt_mailbox.o(i.isr_mbx_send) refers to rt_list.o(i.os_psq_enq) for os_psq_enq
    rt_mailbox.o(i.isr_mbx_send) refers to rt_system.o(i.os_psh_req) for os_psh_req
    rt_mailbox.o(i.os_mbx_init) refers to rtx_conf_lpc21xx.o(.text) for tsk_unlock
    rt_mailbox.o(i.os_mbx_psh) refers to rt_list.o(i.os_get_first) for os_get_first
    rt_mailbox.o(i.os_mbx_psh) refers to rt_list.o(i.os_rmv_dly) for os_rmv_dly
    rt_mailbox.o(i.os_mbx_psh) refers to rt_list.o(i.os_put_prio) for os_put_prio
    rt_mailbox.o(i.os_mbx_psh) refers to rtx_conf_lpc21xx.o(.text) for os_error
    rt_mailbox.o(i.os_mbx_psh) refers to rt_list.o(.bss) for os_rdy
    rt_mailbox.o(i.os_mbx_send) refers to rt_list.o(i.os_put_prio) for os_put_prio
    rt_mailbox.o(i.os_mbx_send) refers to rt_list.o(i.os_get_first) for os_get_first
    rt_mailbox.o(i.os_mbx_send) refers to rt_list.o(i.os_rmv_dly) for os_rmv_dly
    rt_mailbox.o(i.os_mbx_send) refers to rt_task.o(i.os_dispatch) for os_dispatch
    rt_mailbox.o(i.os_mbx_send) refers to rt_task.o(i.os_block) for os_block
    rt_mailbox.o(i.os_mbx_send) refers to rtx_conf_lpc21xx.o(.text) for tsk_unlock
    rt_mailbox.o(i.os_mbx_send) refers to rt_task.o(.data) for os_runtask
    rt_mailbox.o(i.os_mbx_wait) refers to rt_list.o(i.os_get_first) for os_get_first
    rt_mailbox.o(i.os_mbx_wait) refers to rt_list.o(i.os_rmv_dly) for os_rmv_dly
    rt_mailbox.o(i.os_mbx_wait) refers to rt_task.o(i.os_dispatch) for os_dispatch
    rt_mailbox.o(i.os_mbx_wait) refers to rtx_conf_lpc21xx.o(.text) for tsk_unlock
    rt_mailbox.o(i.os_mbx_wait) refers to rt_list.o(i.os_put_prio) for os_put_prio
    rt_mailbox.o(i.os_mbx_wait) refers to rt_task.o(i.os_block) for os_block
    rt_mailbox.o(i.os_mbx_wait) refers to rt_task.o(.data) for os_runtask
    rt_semaphore.o(i.isr_sem_send) refers to rt_list.o(i.os_psq_enq) for os_psq_enq
    rt_semaphore.o(i.isr_sem_send) refers to rt_system.o(i.os_psh_req) for os_psh_req
    rt_semaphore.o(i.os_sem_init) refers to rtx_conf_lpc21xx.o(.text) for tsk_unlock
    rt_semaphore.o(i.os_sem_psh) refers to rt_list.o(i.os_get_first) for os_get_first
    rt_semaphore.o(i.os_sem_psh) refers to rt_list.o(i.os_rmv_dly) for os_rmv_dly
    rt_semaphore.o(i.os_sem_psh) refers to rt_list.o(i.os_put_prio) for os_put_prio
    rt_semaphore.o(i.os_sem_psh) refers to rt_list.o(.bss) for os_rdy
    rt_semaphore.o(i.os_sem_send) refers to rt_list.o(i.os_get_first) for os_get_first
    rt_semaphore.o(i.os_sem_send) refers to rt_list.o(i.os_rmv_dly) for os_rmv_dly
    rt_semaphore.o(i.os_sem_send) refers to rt_task.o(i.os_dispatch) for os_dispatch
    rt_semaphore.o(i.os_sem_send) refers to rtx_conf_lpc21xx.o(.text) for tsk_unlock
    rt_semaphore.o(i.os_sem_wait) refers to rtx_conf_lpc21xx.o(.text) for tsk_unlock
    rt_semaphore.o(i.os_sem_wait) refers to rt_list.o(i.os_put_prio) for os_put_prio
    rt_semaphore.o(i.os_sem_wait) refers to rt_task.o(i.os_block) for os_block
    rt_semaphore.o(i.os_sem_wait) refers to rt_task.o(.data) for os_runtask
    rt_timer.o(i.os_tmr_create) refers to rtx_conf_lpc21xx.o(.text) for tsk_unlock
    rt_timer.o(i.os_tmr_create) refers to rtx_conf_lpc21xx.o(.data) for m_tmr
    rt_timer.o(i.os_tmr_create) refers to rt_timer.o(.data) for .data
    rt_timer.o(i.os_tmr_kill) refers to rtx_conf_lpc21xx.o(.text) for tsk_unlock
    rt_timer.o(i.os_tmr_kill) refers to rt_timer.o(.data) for .data
    rt_timer.o(i.os_tmr_kill) refers to rtx_conf_lpc21xx.o(.data) for m_tmr
    rt_timer.o(i.os_tmr_tick) refers to rtx_conf_lpc21xx.o(.text) for os_tmr_call
    rt_timer.o(i.os_tmr_tick) refers to rt_timer.o(.data) for .data
    rt_timer.o(i.os_tmr_tick) refers to rtx_conf_lpc21xx.o(.data) for m_tmr
    libspace.o(.text) refers to libspace.o(.bss) for __libspace_start
    __main.o(!!!main) refers to rtentry.o(.ARM.Collect$$rtentry$$00000000) for __rt_entry
    rtentry.o(.ARM.Collect$$rtentry$$00000000) refers (Special) to rtentry2.o(.ARM.Collect$$rtentry$$0000000A) for __rt_entry_li
    rtentry.o(.ARM.Collect$$rtentry$$00000000) refers (Special) to rtentry2.o(.ARM.Collect$$rtentry$$0000000D) for __rt_entry_main
    rtentry.o(.ARM.Collect$$rtentry$$00000000) refers (Special) to rtentry2.o(.ARM.Collect$$rtentry$$0000000C) for __rt_entry_postli_1
    rtentry.o(.ARM.Collect$$rtentry$$00000000) refers (Special) to rtentry2.o(.ARM.Collect$$rtentry$$00000009) for __rt_entry_postsh_1
    rtentry.o(.ARM.Collect$$rtentry$$00000000) refers (Special) to rtentry2.o(.ARM.Collect$$rtentry$$00000002) for __rt_entry_presh_1
    rtentry.o(.ARM.Collect$$rtentry$$00000000) refers (Special) to rtentry4.o(.ARM.Collect$$rtentry$$00000004) for __rt_entry_sh
    rtentry2.o(.ARM.Collect$$rtentry$$00000008) refers to boardinit2.o(.text) for _platform_post_stackheap_init
    rtentry2.o(.ARM.Collect$$rtentry$$0000000A) refers to libinit.o(.ARM.Collect$$libinit$$00000000) for __rt_lib_init
    rtentry2.o(.ARM.Collect$$rtentry$$0000000B) refers to boardinit3.o(.text) for _platform_post_lib_init
    rtentry2.o(.ARM.Collect$$rtentry$$0000000D) refers to exit.o(.text) for exit
    rtentry2.o(.ARM.Collect$$rtentry$$0000000D) refers to led_blink_main.o(.text) for main
    rtentry2.o(.ARM.exidx) refers to rtentry2.o(.ARM.Collect$$rtentry$$00000001) for .ARM.Collect$$rtentry$$00000001
    rtentry2.o(.ARM.exidx) refers to rtentry2.o(.ARM.Collect$$rtentry$$00000008) for .ARM.Collect$$rtentry$$00000008
    rtentry2.o(.ARM.exidx) refers to rtentry2.o(.ARM.Collect$$rtentry$$0000000A) for .ARM.Collect$$rtentry$$0000000A
    rtentry2.o(.ARM.exidx) refers to rtentry2.o(.ARM.Collect$$rtentry$$0000000B) for .ARM.Collect$$rtentry$$0000000B
    rtentry2.o(.ARM.exidx) refers to rtentry2.o(.ARM.Collect$$rtentry$$0000000D) for .ARM.Collect$$rtentry$$0000000D
    rtentry4.o(.ARM.Collect$$rtentry$$00000004) refers to sys_stackheap_outer.o(.text) for __user_setup_stackheap
    rtentry4.o(.ARM.exidx) refers to rtentry4.o(.ARM.Collect$$rtentry$$00000004) for .ARM.Collect$$rtentry$$00000004
    sys_stackheap_outer.o(.text) refers to libspace.o(.text) for __user_perproc_libspace
    sys_stackheap_outer.o(.text) refers to startup.o(.text) for __user_initial_stackheap
    exit.o(.text) refers to rtexit.o(.ARM.Collect$$rtexit$$00000000) for __rt_exit
    libinit.o(.ARM.Collect$$libinit$$00000000) refers (Special) to libinit2.o(.ARM.Collect$$libinit$$0000002C) for __rt_lib_init_alloca_1
    libinit.o(.ARM.Collect$$libinit$$00000000) refers (Special) to libinit2.o(.ARM.Collect$$libinit$$0000002A) for __rt_lib_init_argv_1
    libinit.o(.ARM.Collect$$libinit$$00000000) refers (Special) to libinit2.o(.ARM.Collect$$libinit$$00000019) for __rt_lib_init_atexit_1
    libinit.o(.ARM.Collect$$libinit$$00000000) refers (Special) to libinit2.o(.ARM.Collect$$libinit$$0000001F) for __rt_lib_init_clock_1
    libinit.o(.ARM.Collect$$libinit$$00000000) refers (Special) to libinit2.o(.ARM.Collect$$libinit$$00000030) for __rt_lib_init_cpp_1
    libinit.o(.ARM.Collect$$libinit$$00000000) refers (Special) to libinit2.o(.ARM.Collect$$libinit$$0000002E) for __rt_lib_init_exceptions_1
    libinit.o(.ARM.Collect$$libinit$$00000000) refers (Special) to libinit2.o(.ARM.Collect$$libinit$$00000002) for __rt_lib_init_fp_1
    libinit.o(.ARM.Collect$$libinit$$00000000) refers (Special) to libinit2.o(.ARM.Collect$$libinit$$0000001D) for __rt_lib_init_fp_trap_1
    libinit.o(.ARM.Collect$$libinit$$00000000) refers (Special) to libinit2.o(.ARM.Collect$$libinit$$00000021) for __rt_lib_init_getenv_1
    libinit.o(.ARM.Collect$$libinit$$00000000) refers (Special) to libinit2.o(.ARM.Collect$$libinit$$00000008) for __rt_lib_init_heap_1
    libinit.o(.ARM.Collect$$libinit$$00000000) refers (Special) to libinit2.o(.ARM.Collect$$libinit$$0000000F) for __rt_lib_init_lc_collate_1
    libinit.o(.ARM.Collect$$libinit$$00000000) refers (Special) to libinit2.o(.ARM.Collect$$libinit$$00000011) for __rt_lib_init_lc_ctype_1
    libinit.o(.ARM.Collect$$libinit$$00000000) refers (Special) to libinit2.o(.ARM.Collect$$libinit$$00000013) for __rt_lib_init_lc_monetary_1
    libinit.o(.ARM.Collect$$libinit$$00000000) refers (Special) to libinit2.o(.ARM.Collect$$libinit$$00000015) for __rt_lib_init_lc_numeric_1
    libinit.o(.ARM.Collect$$libinit$$00000000) refers (Special) to libinit2.o(.ARM.Collect$$libinit$$00000017) for __rt_lib_init_lc_time_1
    libinit.o(.ARM.Collect$$libinit$$00000000) refers (Special) to libinit2.o(.ARM.Collect$$libinit$$0000000C) for __rt_lib_init_rand_1
    libinit.o(.ARM.Collect$$libinit$$00000000) refers (Special) to libinit2.o(.ARM.Collect$$libinit$$00000031) for __rt_lib_init_return
    libinit.o(.ARM.Collect$$libinit$$00000000) refers (Special) to libinit2.o(.ARM.Collect$$libinit$$0000001B) for __rt_lib_init_signal_1
    libinit.o(.ARM.Collect$$libinit$$00000000) refers (Special) to libinit2.o(.ARM.Collect$$libinit$$00000023) for __rt_lib_init_stdio_1
    libinit.o(.ARM.Collect$$libinit$$00000000) refers (Special) to libinit2.o(.ARM.Collect$$libinit$$0000000A) for __rt_lib_init_user_alloc_1
    rtexit.o(.ARM.Collect$$rtexit$$00000000) refers (Special) to rtexit2.o(.ARM.Collect$$rtexit$$00000004) for __rt_exit_exit
    rtexit.o(.ARM.Collect$$rtexit$$00000000) refers (Special) to rtexit2.o(.ARM.Collect$$rtexit$$00000003) for __rt_exit_ls
    rtexit.o(.ARM.Collect$$rtexit$$00000000) refers (Special) to rtexit2.o(.ARM.Collect$$rtexit$$00000002) for __rt_exit_prels_1
    rtexit.o(.ARM.exidx) refers (Special) to rtexit2.o(.ARM.Collect$$rtexit$$00000004) for __rt_exit_exit
    rtexit.o(.ARM.exidx) refers (Special) to rtexit2.o(.ARM.Collect$$rtexit$$00000003) for __rt_exit_ls
    rtexit.o(.ARM.exidx) refers (Special) to rtexit2.o(.ARM.Collect$$rtexit$$00000002) for __rt_exit_prels_1
    rtexit.o(.ARM.exidx) refers to rtexit.o(.ARM.Collect$$rtexit$$00000000) for .ARM.Collect$$rtexit$$00000000
    libinit2.o(.ARM.Collect$$libinit$$00000001) refers to fpinit.o(x$fpl$fpinit) for _fp_init
    libinit2.o(.ARM.Collect$$libinit$$0000000E) refers to libinit2.o(.ARM.Collect$$libinit$$0000000D) for .ARM.Collect$$libinit$$0000000D
    libinit2.o(.ARM.Collect$$libinit$$00000010) refers to libinit2.o(.ARM.Collect$$libinit$$0000000D) for .ARM.Collect$$libinit$$0000000D
    libinit2.o(.ARM.Collect$$libinit$$00000012) refers to libinit2.o(.ARM.Collect$$libinit$$0000000D) for .ARM.Collect$$libinit$$0000000D
    libinit2.o(.ARM.Collect$$libinit$$00000014) refers to libinit2.o(.ARM.Collect$$libinit$$0000000D) for .ARM.Collect$$libinit$$0000000D
    libinit2.o(.ARM.Collect$$libinit$$00000016) refers to libinit2.o(.ARM.Collect$$libinit$$0000000D) for .ARM.Collect$$libinit$$0000000D
    libinit2.o(.ARM.Collect$$libinit$$00000024) refers to argv_veneer.o(.emb_text) for __ARM_argv_veneer
    libinit2.o(.ARM.Collect$$libinit$$00000025) refers to argv_veneer.o(.emb_text) for __ARM_argv_veneer
    rtexit2.o(.ARM.Collect$$rtexit$$00000003) refers to libshutdown.o(.ARM.Collect$$libshutdown$$00000000) for __rt_lib_shutdown
    rtexit2.o(.ARM.Collect$$rtexit$$00000004) refers to sys_exit.o(.text) for _sys_exit
    rtexit2.o(.ARM.exidx) refers to rtexit2.o(.ARM.Collect$$rtexit$$00000001) for .ARM.Collect$$rtexit$$00000001
    rtexit2.o(.ARM.exidx) refers to rtexit2.o(.ARM.Collect$$rtexit$$00000003) for .ARM.Collect$$rtexit$$00000003
    rtexit2.o(.ARM.exidx) refers to rtexit2.o(.ARM.Collect$$rtexit$$00000004) for .ARM.Collect$$rtexit$$00000004
    argv_veneer.o(.emb_text) refers to no_argv.o(.text) for __ARM_get_argv
    sys_exit.o(.text) refers (Special) to use_no_semi.o(.text) for __I$use$semihosting
    sys_exit.o(.text) refers (Special) to indicate_semi.o(.text) for __semihosting_library_function
    _get_argv_nomalloc.o(.text) refers (Special) to hrguard.o(.text) for __heap_region$guard
    _get_argv_nomalloc.o(.text) refers to defsig_rtmem_outer.o(.text) for __rt_SIGRTMEM
    _get_argv_nomalloc.o(.text) refers to sys_command.o(.text) for _sys_command_string
    libshutdown.o(.ARM.Collect$$libshutdown$$00000000) refers (Special) to libshutdown2.o(.ARM.Collect$$libshutdown$$00000006) for __rt_lib_shutdown_fp_trap_1
    libshutdown.o(.ARM.Collect$$libshutdown$$00000000) refers (Special) to libshutdown2.o(.ARM.Collect$$libshutdown$$0000000E) for __rt_lib_shutdown_heap_1
    libshutdown.o(.ARM.Collect$$libshutdown$$00000000) refers (Special) to libshutdown2.o(.ARM.Collect$$libshutdown$$0000000F) for __rt_lib_shutdown_return
    libshutdown.o(.ARM.Collect$$libshutdown$$00000000) refers (Special) to libshutdown2.o(.ARM.Collect$$libshutdown$$00000009) for __rt_lib_shutdown_signal_1
    libshutdown.o(.ARM.Collect$$libshutdown$$00000000) refers (Special) to libshutdown2.o(.ARM.Collect$$libshutdown$$00000003) for __rt_lib_shutdown_stdio_1
    libshutdown.o(.ARM.Collect$$libshutdown$$00000000) refers (Special) to libshutdown2.o(.ARM.Collect$$libshutdown$$0000000B) for __rt_lib_shutdown_user_alloc_1
    sys_command.o(.text) refers (Special) to use_no_semi.o(.text) for __I$use$semihosting
    sys_command.o(.text) refers (Special) to indicate_semi.o(.text) for __semihosting_library_function
    defsig_rtmem_outer.o(.text) refers to defsig_rtmem_inner.o(.text) for __rt_SIGRTMEM_inner
    defsig_rtmem_outer.o(.text) refers to defsig_exit.o(.text) for __sig_exit
    defsig_rtmem_formal.o(.text) refers to rt_raise.o(.text) for __rt_raise
    rt_raise.o(.text) refers to __raise.o(.text) for __raise
    rt_raise.o(.text) refers to sys_exit.o(.text) for _sys_exit
    defsig_exit.o(.text) refers to sys_exit.o(.text) for _sys_exit
    defsig_rtmem_inner.o(.text) refers to defsig_general.o(.text) for __default_signal_display
    __raise.o(.text) refers to __raise.o(i.__ARM_common_call_via_r2) for __ARM_common_call_via_r2
    __raise.o(.text) refers to defsig.o(CL$$defsig) for __default_signal_handler
    defsig_general.o(.text) refers to sys_wrch.o(.text) for _ttywrch
    sys_wrch.o(.text) refers (Special) to use_no_semi.o(.text) for __I$use$semihosting
    sys_wrch.o(.text) refers (Special) to indicate_semi.o(.text) for __semihosting_library_function
    defsig.o(CL$$defsig) refers to defsig_rtmem_inner.o(.text) for __rt_SIGRTMEM_inner
    defsig_abrt_inner.o(.text) refers to defsig_general.o(.text) for __default_signal_display
    defsig_fpe_inner.o(.text) refers to defsig_general.o(.text) for __default_signal_display
    defsig_rtred_inner.o(.text) refers to defsig_general.o(.text) for __default_signal_display
    defsig_stak_inner.o(.text) refers to defsig_general.o(.text) for __default_signal_display
    defsig_pvfn_inner.o(.text) refers to defsig_general.o(.text) for __default_signal_display
    defsig_cppl_inner.o(.text) refers to defsig_general.o(.text) for __default_signal_display
    defsig_segv_inner.o(.text) refers to defsig_general.o(.text) for __default_signal_display
    defsig_other.o(.text) refers to defsig_general.o(.text) for __default_signal_display


==============================================================================

Removing Unused input sections from the image.

    Removing rt_task.o(i.os_tsk_create_ex0), (12 bytes).
    Removing rt_task.o(i.os_tsk_delete), (336 bytes).
    Removing rt_task.o(i.os_tsk_pass), (52 bytes).
    Removing rt_task.o(i.os_tsk_prio), (144 bytes).
    Removing rt_time.o(i.os_itv_set), (24 bytes).
    Removing rt_time.o(i.os_itv_wait), (56 bytes).
    Removing rt_time.o(i.os_time_get), (12 bytes).
    Removing rt_system.o(.emb_text), (0 bytes).
    Removing rt_system.o(i.os_psh_req), (52 bytes).
    Removing rt_system.o(i.os_resume), (168 bytes).
    Removing rt_system.o(i.os_suspend), (52 bytes).
    Removing rt_list.o(i.os_get_same_rdy_prio), (36 bytes).
    Removing rt_list.o(i.os_psq_enq), (52 bytes).
    Removing rt_membox.o(i._calloc_box), (32 bytes).
    Removing rt_event.o(i.isr_evt_set), (40 bytes).
    Removing rt_event.o(i.os_evt_clr), (40 bytes).
    Removing rt_event.o(i.os_evt_get), (12 bytes).
    Removing rt_event.o(i.os_evt_set), (100 bytes).
    Removing rt_event.o(i.os_evt_wait), (96 bytes).
    Removing rt_mailbox.o(i.isr_mbx_receive), (76 bytes).
    Removing rt_mailbox.o(i.isr_mbx_send), (16 bytes).
    Removing rt_mailbox.o(i.os_mbx_check), (8 bytes).
    Removing rt_mailbox.o(i.os_mbx_init), (48 bytes).
    Removing rt_mailbox.o(i.os_mbx_send), (164 bytes).
    Removing rt_mailbox.o(i.os_mbx_wait), (160 bytes).
    Removing rt_semaphore.o(i.isr_sem_send), (18 bytes).
    Removing rt_semaphore.o(i.os_sem_init), (28 bytes).
    Removing rt_semaphore.o(i.os_sem_send), (58 bytes).
    Removing rt_semaphore.o(i.os_sem_wait), (96 bytes).
    Removing rt_timer.o(i.os_tmr_create), (92 bytes).
    Removing rt_timer.o(i.os_tmr_kill), (72 bytes).

31 unused section(s) (total 2152 bytes) removed from the image.

==============================================================================

Adding Veneers to the image

    Adding AT veneer (8 bytes, Inline) for call to '__rt_lib_init' from rtentry2.o(.ARM.Collect$$rtentry$$0000000A).
    Adding AT veneer (8 bytes, Inline) for call to '__rt_lib_shutdown' from rtexit2.o(.ARM.Collect$$rtexit$$00000003).
    Adding TA veneer (4 bytes, Inline) for call to '__rt_exit' from exit.o(.text).
    Adding AT veneer (8 bytes, Inline) for call to 'os_sys_init0' from led_blink_main.o(.text).
    Adding TA veneer (4 bytes, Inline) for call to 'os_idle_demon' from rt_task.o(i.os_sys_init1).
    Adding AT veneer (8 bytes, Inline) for call to '_sys_exit' from rtexit2.o(.ARM.Collect$$rtexit$$00000004).
    Adding TA veneer (8 bytes, Short) for call to 'os_error' from rt_mailbox.o(i.os_mbx_psh).
    Adding TA veneer (8 bytes, Short) for call to 'os_tmr_call' from rt_timer.o(i.os_tmr_tick).
    Adding AT veneer (8 bytes, Inline) for call to 'os_dly_wait' from led_blink_main.o(.text).
    Adding AT veneer (8 bytes, Inline) for call to 'os_tsk_create0' from led_blink_main.o(.text).

10 Veneer(s) (total 72 bytes) added to the image.

==============================================================================

Image Symbol Table

    Local Symbols

    Symbol Name                              Value     Ov Type        Size  Object(Section)

    RESET                                    0x00000000   Section      268  startup.o(RESET)
    ../clib/angel/boardlib.s                 0x00000000   Number         0  boardshut.o ABSOLUTE
    ../clib/angel/boardlib.s                 0x00000000   Number         0  boardinit3.o ABSOLUTE
    ../clib/angel/boardlib.s                 0x00000000   Number         0  boardinit2.o ABSOLUTE
    ../clib/angel/boardlib.s                 0x00000000   Number         0  boardinit1.o ABSOLUTE
    ../clib/angel/handlers.s                 0x00000000   Number         0  __scatter_copy.o ABSOLUTE
    ../clib/angel/handlers.s                 0x00000000   Number         0  __scatter_zi.o ABSOLUTE
    ../clib/angel/kernel.s                   0x00000000   Number         0  rtentry4.o ABSOLUTE
    ../clib/angel/kernel.s                   0x00000000   Number         0  rtentry.o ABSOLUTE
    ../clib/angel/kernel.s                   0x00000000   Number         0  rtexit2.o ABSOLUTE
    ../clib/angel/kernel.s                   0x00000000   Number         0  rtexit.o ABSOLUTE
    ../clib/angel/kernel.s                   0x00000000   Number         0  rtentry2.o ABSOLUTE
    ../clib/angel/rt.s                       0x00000000   Number         0  rt_raise.o ABSOLUTE
    ../clib/angel/scatter.s                  0x00000000   Number         0  __scatter.o ABSOLUTE
    ../clib/angel/startup.s                  0x00000000   Number         0  __main.o ABSOLUTE
    ../clib/angel/sys.s                      0x00000000   Number         0  use_no_semi.o ABSOLUTE
    ../clib/angel/sys.s                      0x00000000   Number         0  libspace.o ABSOLUTE
    ../clib/angel/sys.s                      0x00000000   Number         0  indicate_semi.o ABSOLUTE
    ../clib/angel/sys.s                      0x00000000   Number         0  sys_stackheap_outer.o ABSOLUTE
    ../clib/angel/sysapp.c                   0x00000000   Number         0  sys_command.o ABSOLUTE
    ../clib/angel/sysapp.c                   0x00000000   Number         0  sys_wrch.o ABSOLUTE
    ../clib/angel/sysapp.c                   0x00000000   Number         0  sys_exit.o ABSOLUTE
    ../clib/armsys.c                         0x00000000   Number         0  argv_veneer.o ABSOLUTE
    ../clib/armsys.c                         0x00000000   Number         0  argv_veneer.o ABSOLUTE
    ../clib/armsys.c                         0x00000000   Number         0  no_argv.o ABSOLUTE
    ../clib/armsys.c                         0x00000000   Number         0  _get_argv_nomalloc.o ABSOLUTE
    ../clib/heapalloc.c                      0x00000000   Number         0  hrguard.o ABSOLUTE
    ../clib/heapaux.c                        0x00000000   Number         0  heapauxi.o ABSOLUTE
    ../clib/libinit.s                        0x00000000   Number         0  libinit2.o ABSOLUTE
    ../clib/libinit.s                        0x00000000   Number         0  libinit.o ABSOLUTE
    ../clib/libinit.s                        0x00000000   Number         0  libshutdown2.o ABSOLUTE
    ../clib/libinit.s                        0x00000000   Number         0  libshutdown.o ABSOLUTE
    ../clib/signal.c                         0x00000000   Number         0  defsig_exit.o ABSOLUTE
    ../clib/signal.c                         0x00000000   Number         0  defsig_rtred_inner.o ABSOLUTE
    ../clib/signal.c                         0x00000000   Number         0  defsig_other.o ABSOLUTE
    ../clib/signal.c                         0x00000000   Number         0  defsig_cppl_inner.o ABSOLUTE
    ../clib/signal.c                         0x00000000   Number         0  defsig_segv_inner.o ABSOLUTE
    ../clib/signal.c                         0x00000000   Number         0  defsig_pvfn_inner.o ABSOLUTE
    ../clib/signal.c                         0x00000000   Number         0  defsig_rtmem_formal.o ABSOLUTE
    ../clib/signal.c                         0x00000000   Number         0  defsig_rtmem_outer.o ABSOLUTE
    ../clib/signal.c                         0x00000000   Number         0  defsig_stak_inner.o ABSOLUTE
    ../clib/signal.c                         0x00000000   Number         0  defsig_fpe_inner.o ABSOLUTE
    ../clib/signal.c                         0x00000000   Number         0  defsig_abrt_inner.o ABSOLUTE
    ../clib/signal.c                         0x00000000   Number         0  defsig_general.o ABSOLUTE
    ../clib/signal.c                         0x00000000   Number         0  __raise.o ABSOLUTE
    ../clib/signal.c                         0x00000000   Number         0  defsig_rtmem_inner.o ABSOLUTE
    ../clib/signal.s                         0x00000000   Number         0  defsig.o ABSOLUTE
    ../clib/stdlib.c                         0x00000000   Number         0  exit.o ABSOLUTE
    ../fplib/fpinit.s                        0x00000000   Number         0  fpinit.o ABSOLUTE
    RTX_Conf_LPC21xx.c                       0x00000000   Number         0  rtx_conf_lpc21xx.o ABSOLUTE
    SRC\ARM\HAL_ARM.c                        0x00000000   Number         0  hal_arm.o ABSOLUTE
    SRC\ARM\SWI_Table.s                      0x00000000   Number         0  SWI_Table.o ABSOLUTE
    SRC\ARM\rt_Event.c                       0x00000000   Number         0  rt_event.o ABSOLUTE
    SRC\ARM\rt_List.c                        0x00000000   Number         0  rt_list.o ABSOLUTE
    SRC\ARM\rt_Mailbox.c                     0x00000000   Number         0  rt_mailbox.o ABSOLUTE
    SRC\ARM\rt_MemBox.c                      0x00000000   Number         0  rt_membox.o ABSOLUTE
    SRC\ARM\rt_Mutex.c                       0x00000000   Number         0  rt_mutex.o ABSOLUTE
    SRC\ARM\rt_Robin.c                       0x00000000   Number         0  rt_robin.o ABSOLUTE
    SRC\ARM\rt_Semaphore.c                   0x00000000   Number         0  rt_semaphore.o ABSOLUTE
    SRC\ARM\rt_System.c                      0x00000000   Number         0  rt_system.o ABSOLUTE
    SRC\ARM\rt_Task.c                        0x00000000   Number         0  rt_task.o ABSOLUTE
    SRC\ARM\rt_Time.c                        0x00000000   Number         0  rt_time.o ABSOLUTE
    SRC\ARM\rt_Timer.c                       0x00000000   Number         0  rt_timer.o ABSOLUTE
    SRC\\ARM\\HAL_ARM.c                      0x00000000   Number         0  hal_arm.o ABSOLUTE
    SRC\\ARM\\rt_System.c                    0x00000000   Number         0  rt_system.o ABSOLUTE
    Startup.s                                0x00000000   Number         0  startup.o ABSOLUTE
    dc.s                                     0x00000000   Number         0  dc.o ABSOLUTE
    led_blink_main.c                         0x00000000   Number         0  led_blink_main.o ABSOLUTE
    Undef_Handler                            0x00000040   ARM Code       4  startup.o(RESET)
    PAbt_Handler                             0x00000044   ARM Code       4  startup.o(RESET)
    DAbt_Handler                             0x00000048   ARM Code       4  startup.o(RESET)
    IRQ_Handler                              0x0000004c   ARM Code       4  startup.o(RESET)
    FIQ_Handler                              0x00000050   ARM Code       4  startup.o(RESET)
    !!!main                                  0x0000010c   Section        8  __main.o(!!!main)
    !!!scatter                               0x00000114   Section       60  __scatter.o(!!!scatter)
    !!handler_copy                           0x00000150   Section       40  __scatter_copy.o(!!handler_copy)
    !!handler_zi                             0x00000178   Section       44  __scatter_zi.o(!!handler_zi)
    .ARM.Collect$$libinit$$00000000          0x000001ac   Section        2  libinit.o(.ARM.Collect$$libinit$$00000000)
    .ARM.Collect$$libinit$$00000002          0x000001ae   Section        0  libinit2.o(.ARM.Collect$$libinit$$00000002)
    .ARM.Collect$$libinit$$00000008          0x000001ae   Section        0  libinit2.o(.ARM.Collect$$libinit$$00000008)
    .ARM.Collect$$libinit$$0000000A          0x000001ae   Section        0  libinit2.o(.ARM.Collect$$libinit$$0000000A)
    .ARM.Collect$$libinit$$0000000C          0x000001ae   Section        0  libinit2.o(.ARM.Collect$$libinit$$0000000C)
    .ARM.Collect$$libinit$$0000000F          0x000001ae   Section        0  libinit2.o(.ARM.Collect$$libinit$$0000000F)
    .ARM.Collect$$libinit$$00000011          0x000001ae   Section        0  libinit2.o(.ARM.Collect$$libinit$$00000011)
    .ARM.Collect$$libinit$$00000013          0x000001ae   Section        0  libinit2.o(.ARM.Collect$$libinit$$00000013)
    .ARM.Collect$$libinit$$00000015          0x000001ae   Section        0  libinit2.o(.ARM.Collect$$libinit$$00000015)
    .ARM.Collect$$libinit$$00000017          0x000001ae   Section        0  libinit2.o(.ARM.Collect$$libinit$$00000017)
    .ARM.Collect$$libinit$$00000019          0x000001ae   Section        0  libinit2.o(.ARM.Collect$$libinit$$00000019)
    .ARM.Collect$$libinit$$0000001B          0x000001ae   Section        0  libinit2.o(.ARM.Collect$$libinit$$0000001B)
    .ARM.Collect$$libinit$$0000001D          0x000001ae   Section        0  libinit2.o(.ARM.Collect$$libinit$$0000001D)
    .ARM.Collect$$libinit$$0000001F          0x000001ae   Section        0  libinit2.o(.ARM.Collect$$libinit$$0000001F)
    .ARM.Collect$$libinit$$00000021          0x000001ae   Section        0  libinit2.o(.ARM.Collect$$libinit$$00000021)
    .ARM.Collect$$libinit$$00000023          0x000001ae   Section        0  libinit2.o(.ARM.Collect$$libinit$$00000023)
    .ARM.Collect$$libinit$$0000002A          0x000001ae   Section        0  libinit2.o(.ARM.Collect$$libinit$$0000002A)
    .ARM.Collect$$libinit$$0000002C          0x000001ae   Section        0  libinit2.o(.ARM.Collect$$libinit$$0000002C)
    .ARM.Collect$$libinit$$0000002E          0x000001ae   Section        0  libinit2.o(.ARM.Collect$$libinit$$0000002E)
    .ARM.Collect$$libinit$$00000030          0x000001ae   Section        0  libinit2.o(.ARM.Collect$$libinit$$00000030)
    .ARM.Collect$$libinit$$00000031          0x000001ae   Section       12  libinit2.o(.ARM.Collect$$libinit$$00000031)
    .ARM.Collect$$libshutdown$$00000000      0x000001c4   Section        4  libshutdown.o(.ARM.Collect$$libshutdown$$00000000)
    .ARM.Collect$$libshutdown$$00000003      0x000001c8   Section        0  libshutdown2.o(.ARM.Collect$$libshutdown$$00000003)
    .ARM.Collect$$libshutdown$$00000006      0x000001c8   Section        0  libshutdown2.o(.ARM.Collect$$libshutdown$$00000006)
    .ARM.Collect$$libshutdown$$00000009      0x000001c8   Section        0  libshutdown2.o(.ARM.Collect$$libshutdown$$00000009)
    .ARM.Collect$$libshutdown$$0000000B      0x000001c8   Section        0  libshutdown2.o(.ARM.Collect$$libshutdown$$0000000B)
    .ARM.Collect$$libshutdown$$0000000E      0x000001c8   Section        0  libshutdown2.o(.ARM.Collect$$libshutdown$$0000000E)
    .ARM.Collect$$libshutdown$$0000000F      0x000001c8   Section        6  libshutdown2.o(.ARM.Collect$$libshutdown$$0000000F)
    .ARM.Collect$$rtentry$$00000000          0x000001d0   Section        0  rtentry.o(.ARM.Collect$$rtentry$$00000000)
    .ARM.Collect$$rtentry$$00000002          0x000001d0   Section        0  rtentry2.o(.ARM.Collect$$rtentry$$00000002)
    .ARM.Collect$$rtentry$$00000004          0x000001d0   Section        8  rtentry4.o(.ARM.Collect$$rtentry$$00000004)
    .ARM.Collect$$rtentry$$00000009          0x000001d8   Section        0  rtentry2.o(.ARM.Collect$$rtentry$$00000009)
    .ARM.Collect$$rtentry$$0000000A          0x000001d8   Section        4  rtentry2.o(.ARM.Collect$$rtentry$$0000000A)
    .ARM.Collect$$rtentry$$0000000C          0x000001dc   Section        0  rtentry2.o(.ARM.Collect$$rtentry$$0000000C)
    .ARM.Collect$$rtentry$$0000000D          0x000001dc   Section       40  rtentry2.o(.ARM.Collect$$rtentry$$0000000D)
    .ARM.Collect$$rtexit$$00000000           0x00000208   Section        4  rtexit.o(.ARM.Collect$$rtexit$$00000000)
    .ARM.Collect$$rtexit$$00000002           0x0000020c   Section        0  rtexit2.o(.ARM.Collect$$rtexit$$00000002)
    .ARM.Collect$$rtexit$$00000003           0x0000020c   Section        4  rtexit2.o(.ARM.Collect$$rtexit$$00000003)
    .ARM.Collect$$rtexit$$00000004           0x00000210   Section        8  rtexit2.o(.ARM.Collect$$rtexit$$00000004)
    .emb_text                                0x00000220   Section      516  hal_arm.o(.emb_text)
    Switch_task                              0x0000039c   ARM Code       0  hal_arm.o(.emb_text)
    .text                                    0x00000424   Section       32  startup.o(.text)
    .text                                    0x00000448   Section        0  rtx_conf_lpc21xx.o(.text)
    os_def_interrupt                         0x0000045c   ARM Code      20  rtx_conf_lpc21xx.o(.text)
    .text                                    0x00000470   Section        0  rtx_conf_lpc21xx.o(.text)
    __tagsym$$used                           0x00000519   Number         0  rtx_conf_lpc21xx.o(.text)
    __tagsym$$used                           0x00000531   Number         0  rtx_conf_lpc21xx.o(.text)
    .text                                    0x00000574   Section        0  led_blink_main.o(.text)
    .text                                    0x0000063c   Section       12  libspace.o(.text)
    .text                                    0x00000648   Section        0  heapauxi.o(.text)
    .text                                    0x00000650   Section       96  sys_stackheap_outer.o(.text)
    .text                                    0x000006b0   Section        0  exit.o(.text)
    .text                                    0x000006c4   Section        0  sys_exit.o(.text)
    .text                                    0x000006d0   Section        4  use_no_semi.o(.text)
    .text                                    0x000006d4   Section        0  indicate_semi.o(.text)
    SWI_TABLE                                0x000006d4   Section       36  SWI_Table.o(SWI_TABLE)
    i.__SWI_0                                0x00000708   Section        0  hal_arm.o(i.__SWI_0)
    i.__SWI_1                                0x0000073c   Section        0  rt_membox.o(i.__SWI_1)
    i.__SWI_2                                0x0000074a   Section        0  rt_membox.o(i.__SWI_2)
    i.__SWI_3                                0x00000762   Section        0  hal_arm.o(i.__SWI_3)
    i.__SWI_4                                0x0000076a   Section        0  hal_arm.o(i.__SWI_4)
    i.__SWI_6                                0x00000772   Section        0  hal_arm.o(i.__SWI_6)
    i.__SWI_7                                0x00000774   Section        0  hal_arm.o(i.__SWI_7)
    i._init_box                              0x00000776   Section        0  rt_membox.o(i._init_box)
    i.os_block                               0x000007c0   Section        0  rt_task.o(i.os_block)
    i.os_chk_robin                           0x00000808   Section        0  rt_robin.o(i.os_chk_robin)
    i.os_dec_dly                             0x00000850   Section        0  rt_list.o(i.os_dec_dly)
    i.os_dispatch                            0x000008cc   Section        0  rt_task.o(i.os_dispatch)
    i.os_dly_wait                            0x00000918   Section        0  rt_time.o(i.os_dly_wait)
    i.os_evt_psh                             0x00000930   Section        0  rt_event.o(i.os_evt_psh)
    i.os_get_first                           0x00000980   Section        0  rt_list.o(i.os_get_first)
    i.os_init_context                        0x000009ac   Section        0  rt_task.o(i.os_init_context)
    os_init_context                          0x000009ad   Thumb Code    70  rt_task.o(i.os_init_context)
    i.os_init_robin                          0x000009f8   Section        0  rt_robin.o(i.os_init_robin)
    i.os_init_stack                          0x00000a10   Section        0  hal_arm.o(i.os_init_stack)
    i.os_mbx_psh                             0x00000a84   Section        0  rt_mailbox.o(i.os_mbx_psh)
    i.os_mut_init                            0x00000b0c   Section        0  rt_mutex.o(i.os_mut_init)
    i.os_mut_release                         0x00000b3c   Section        0  rt_mutex.o(i.os_mut_release)
    i.os_mut_wait                            0x00000c20   Section        0  rt_mutex.o(i.os_mut_wait)
    i.os_put_dly                             0x00000ca4   Section        0  rt_list.o(i.os_put_dly)
    i.os_put_prio                            0x00000cf4   Section        0  rt_list.o(i.os_put_prio)
    i.os_put_rdy_first                       0x00000d34   Section        0  rt_list.o(i.os_put_rdy_first)
    i.os_resort_prio                         0x00000d48   Section        0  rt_list.o(i.os_resort_prio)
    i.os_rmv_dly                             0x00000d7c   Section        0  rt_list.o(i.os_rmv_dly)
    i.os_rmv_list                            0x00000da8   Section        0  rt_list.o(i.os_rmv_list)
    i.os_sem_psh                             0x00000ddc   Section        0  rt_semaphore.o(i.os_sem_psh)
    i.os_stk_check                           0x00000e14   Section        0  hal_arm.o(i.os_stk_check)
    i.os_sys_init1                           0x00000e44   Section        0  rt_task.o(i.os_sys_init1)
    i.os_sys_manager                         0x00000f2c   Section        0  rt_system.o(i.os_sys_manager)
    i.os_tmr_tick                            0x00000ffc   Section        0  rt_timer.o(i.os_tmr_tick)
    i.os_tsk_create0                         0x00001048   Section        0  rt_task.o(i.os_tsk_create0)
    i.os_tsk_self                            0x000010d8   Section        0  rt_task.o(i.os_tsk_self)
    .constdata                               0x000010e8   Section       32  rtx_conf_lpc21xx.o(.constdata)
    __tagsym$$used                           0x000010f4   Number         0  rtx_conf_lpc21xx.o(.constdata)
    __tagsym$$used                           0x000010f8   Number         0  rtx_conf_lpc21xx.o(.constdata)
    .constdata                               0x00001108   Section        4  rt_system.o(.constdata)
    __tagsym$$used                           0x00001108   Number         0  rt_system.o(.constdata)
    .data                                    0x40000000   Section        8  rtx_conf_lpc21xx.o(.data)
    nr_mutex                                 0x40000004   Data           4  rtx_conf_lpc21xx.o(.data)
    .data                                    0x40000008   Section        8  led_blink_main.o(.data)
    .data                                    0x40000010   Section        4  rt_task.o(.data)
    .data                                    0x40000014   Section        4  rt_time.o(.data)
    .data                                    0x40000018   Section        4  hal_arm.o(.data)
    .data                                    0x4000001c   Section        1  hal_arm.o(.data)
    .data                                    0x40000020   Section        8  rt_system.o(.data)
    .data                                    0x40000028   Section        8  rt_robin.o(.data)
    .data                                    0x40000030   Section        8  rt_timer.o(.data)
    .bss                                     0x40000038   Section     2628  rtx_conf_lpc21xx.o(.bss)
    std_libspace                             0x400007bc   Data         576  rtx_conf_lpc21xx.o(.bss)
    std_libmutex                             0x400009fc   Data         128  rtx_conf_lpc21xx.o(.bss)
    .bss                                     0x40000a7c   Section       56  rt_task.o(.bss)
    .bss                                     0x40000ab4   Section       48  rt_list.o(.bss)
    .bss                                     0x40000ae4   Section       96  libspace.o(.bss)
    HEAP                                     0x40000b48   Section        0  startup.o(HEAP)
    STACK                                    0x40000b48   Section     1160  startup.o(STACK)
    Heap_Mem                                 0x40000b48   Data           0  startup.o(HEAP)
    Stack_Mem                                0x40000b48   Data        1024  startup.o(STACK)
    Stack_Top                                0x40000fd0   Data           0  startup.o(STACK)

    Global Symbols

    Symbol Name                              Value     Ov Type        Size  Object(Section)

    BuildAttributes$$THM_ISAv1$ARM_ISAv4$S$PE$A:L22$X:L11$S22$IEEE1$IW$USESV6$~STKCKD$USESV7$~SHL$OSPACE$ROPI$EBA8$UX$STANDARDLIB$REQ8$PRES8$EABIv2 0x00000000   Number         0  anon$$obj.o ABSOLUTE
    __ARM_use_no_argv                        0x00000000   Number         0  led_blink_main.o ABSOLUTE
    __ARM_exceptions_init                     - Undefined Weak Reference
    __alloca_initialize                       - Undefined Weak Reference
    __cpp_initialize__aeabi_                  - Undefined Weak Reference
    __cxa_finalize                            - Undefined Weak Reference
    __rt_locale                               - Undefined Weak Reference
    __sigvec_lookup                           - Undefined Weak Reference
    _atexit_init                              - Undefined Weak Reference
    _call_atexit_fns                          - Undefined Weak Reference
    _clock_init                               - Undefined Weak Reference
    _fp_trap_init                             - Undefined Weak Reference
    _fp_trap_shutdown                         - Undefined Weak Reference
    _get_lc_collate                           - Undefined Weak Reference
    _get_lc_ctype                             - Undefined Weak Reference
    _get_lc_monetary                          - Undefined Weak Reference
    _get_lc_numeric                           - Undefined Weak Reference
    _get_lc_time                              - Undefined Weak Reference
    _getenv_init                              - Undefined Weak Reference
    _handle_redirection                       - Undefined Weak Reference
    _init_alloc                               - Undefined Weak Reference
    _init_user_alloc                          - Undefined Weak Reference
    _initio                                   - Undefined Weak Reference
    _rand_init                                - Undefined Weak Reference
    _signal_finish                            - Undefined Weak Reference
    _signal_init                              - Undefined Weak Reference
    _terminate_alloc                          - Undefined Weak Reference
    _terminate_user_alloc                     - Undefined Weak Reference
    _terminateio                              - Undefined Weak Reference
    os_tmr_reload                             - Undefined Weak Reference
    rt_init                                   - Undefined Weak Reference
    rt_notify                                 - Undefined Weak Reference
    rt_post_taskswitch                        - Undefined Weak Reference
    Reset_Handler                            0x00000054   ARM Code       0  startup.o(RESET)
    __main                                   0x0000010c   ARM Code       8  __main.o(!!!main)
    __scatterload                            0x00000114   ARM Code       0  __scatter.o(!!!scatter)
    __scatterload_rt2                        0x00000114   ARM Code      52  __scatter.o(!!!scatter)
    __scatterload_null                       0x00000128   ARM Code       0  __scatter.o(!!!scatter)
    __scatterload_copy                       0x00000150   ARM Code      40  __scatter_copy.o(!!handler_copy)
    __scatterload_zeroinit                   0x00000178   ARM Code      44  __scatter_zi.o(!!handler_zi)
    Inline ARM to Thumb Veneer to __rt_lib_init 0x000001a4   ARM Code       8  libinit.o(.ARM.Collect$$libinit$$00000000)
    __rt_lib_init                            0x000001ad   Thumb Code     0  libinit.o(.ARM.Collect$$libinit$$00000000)
    __rt_lib_init_alloca_1                   0x000001af   Thumb Code     0  libinit2.o(.ARM.Collect$$libinit$$0000002C)
    __rt_lib_init_argv_1                     0x000001af   Thumb Code     0  libinit2.o(.ARM.Collect$$libinit$$0000002A)
    __rt_lib_init_atexit_1                   0x000001af   Thumb Code     0  libinit2.o(.ARM.Collect$$libinit$$00000019)
    __rt_lib_init_clock_1                    0x000001af   Thumb Code     0  libinit2.o(.ARM.Collect$$libinit$$0000001F)
    __rt_lib_init_cpp_1                      0x000001af   Thumb Code     0  libinit2.o(.ARM.Collect$$libinit$$00000030)
    __rt_lib_init_exceptions_1               0x000001af   Thumb Code     0  libinit2.o(.ARM.Collect$$libinit$$0000002E)
    __rt_lib_init_fp_1                       0x000001af   Thumb Code     0  libinit2.o(.ARM.Collect$$libinit$$00000002)
    __rt_lib_init_fp_trap_1                  0x000001af   Thumb Code     0  libinit2.o(.ARM.Collect$$libinit$$0000001D)
    __rt_lib_init_getenv_1                   0x000001af   Thumb Code     0  libinit2.o(.ARM.Collect$$libinit$$00000021)
    __rt_lib_init_heap_1                     0x000001af   Thumb Code     0  libinit2.o(.ARM.Collect$$libinit$$00000008)
    __rt_lib_init_lc_collate_1               0x000001af   Thumb Code     0  libinit2.o(.ARM.Collect$$libinit$$0000000F)
    __rt_lib_init_lc_ctype_1                 0x000001af   Thumb Code     0  libinit2.o(.ARM.Collect$$libinit$$00000011)
    __rt_lib_init_lc_monetary_1              0x000001af   Thumb Code     0  libinit2.o(.ARM.Collect$$libinit$$00000013)
    __rt_lib_init_lc_numeric_1               0x000001af   Thumb Code     0  libinit2.o(.ARM.Collect$$libinit$$00000015)
    __rt_lib_init_lc_time_1                  0x000001af   Thumb Code     0  libinit2.o(.ARM.Collect$$libinit$$00000017)
    __rt_lib_init_rand_1                     0x000001af   Thumb Code     0  libinit2.o(.ARM.Collect$$libinit$$0000000C)
    __rt_lib_init_return                     0x000001af   Thumb Code     0  libinit2.o(.ARM.Collect$$libinit$$00000031)
    __rt_lib_init_signal_1                   0x000001af   Thumb Code     0  libinit2.o(.ARM.Collect$$libinit$$0000001B)
    __rt_lib_init_stdio_1                    0x000001af   Thumb Code     0  libinit2.o(.ARM.Collect$$libinit$$00000023)
    __rt_lib_init_user_alloc_1               0x000001af   Thumb Code     0  libinit2.o(.ARM.Collect$$libinit$$0000000A)
    Inline ARM to Thumb Veneer to __rt_lib_shutdown 0x000001bc   ARM Code       8  libshutdown.o(.ARM.Collect$$libshutdown$$00000000)
    __rt_lib_shutdown                        0x000001c5   Thumb Code     0  libshutdown.o(.ARM.Collect$$libshutdown$$00000000)
    __rt_lib_shutdown_fp_trap_1              0x000001c9   Thumb Code     0  libshutdown2.o(.ARM.Collect$$libshutdown$$00000006)
    __rt_lib_shutdown_heap_1                 0x000001c9   Thumb Code     0  libshutdown2.o(.ARM.Collect$$libshutdown$$0000000E)
    __rt_lib_shutdown_return                 0x000001c9   Thumb Code     0  libshutdown2.o(.ARM.Collect$$libshutdown$$0000000F)
    __rt_lib_shutdown_signal_1               0x000001c9   Thumb Code     0  libshutdown2.o(.ARM.Collect$$libshutdown$$00000009)
    __rt_lib_shutdown_stdio_1                0x000001c9   Thumb Code     0  libshutdown2.o(.ARM.Collect$$libshutdown$$00000003)
    __rt_lib_shutdown_user_alloc_1           0x000001c9   Thumb Code     0  libshutdown2.o(.ARM.Collect$$libshutdown$$0000000B)
    __rt_entry                               0x000001d0   ARM Code       0  rtentry.o(.ARM.Collect$$rtentry$$00000000)
    __rt_entry_presh_1                       0x000001d0   ARM Code       0  rtentry2.o(.ARM.Collect$$rtentry$$00000002)
    __rt_entry_sh                            0x000001d0   ARM Code       0  rtentry4.o(.ARM.Collect$$rtentry$$00000004)
    __rt_entry_li                            0x000001d8   ARM Code       0  rtentry2.o(.ARM.Collect$$rtentry$$0000000A)
    __rt_entry_postsh_1                      0x000001d8   ARM Code       0  rtentry2.o(.ARM.Collect$$rtentry$$00000009)
    __rt_entry_main                          0x000001dc   ARM Code       0  rtentry2.o(.ARM.Collect$$rtentry$$0000000D)
    __rt_entry_postli_1                      0x000001dc   ARM Code       0  rtentry2.o(.ARM.Collect$$rtentry$$0000000C)
    Inline Thumb to ARM Veneer to __rt_exit  0x00000205   Thumb Code     4  rtexit.o(.ARM.Collect$$rtexit$$00000000)
    __rt_exit                                0x00000208   ARM Code       0  rtexit.o(.ARM.Collect$$rtexit$$00000000)
    __rt_exit_ls                             0x0000020c   ARM Code       0  rtexit2.o(.ARM.Collect$$rtexit$$00000003)
    __rt_exit_prels_1                        0x0000020c   ARM Code       0  rtexit2.o(.ARM.Collect$$rtexit$$00000002)
    __rt_exit_exit                           0x00000210   ARM Code       0  rtexit2.o(.ARM.Collect$$rtexit$$00000004)
    Inline ARM to Thumb Veneer to os_sys_init0 0x00000218   ARM Code       8  hal_arm.o(.emb_text)
    _inc_qi                                  0x00000221   Thumb Code    60  hal_arm.o(.emb_text)
    _dec_qc                                  0x0000025d   Thumb Code    32  hal_arm.o(.emb_text)
    os_set_env                               0x0000027d   Thumb Code     8  hal_arm.o(.emb_text)
    os_sys_init0                             0x00000285   Thumb Code    32  hal_arm.o(.emb_text)
    os_sys_run                               0x000002b1   Thumb Code    16  hal_arm.o(.emb_text)
    os_clock_interrupt                       0x000002c4   ARM Code     128  hal_arm.o(.emb_text)
    os_sys_manager_ret                       0x00000331   Thumb Code     0  hal_arm.o(.emb_text)
    SWI_Handler                              0x00000358   ARM Code     196  hal_arm.o(.emb_text)
    os_switch_tasks_ret                      0x00000395   Thumb Code     0  hal_arm.o(.emb_text)
    __user_initial_stackheap                 0x00000424   ARM Code       0  startup.o(.text)
    Inline Thumb to ARM Veneer to os_idle_demon 0x00000445   Thumb Code     4  rtx_conf_lpc21xx.o(.text)
    os_idle_demon                            0x00000448   ARM Code       8  rtx_conf_lpc21xx.o(.text)
    os_tmr_call                              0x00000450   ARM Code       4  rtx_conf_lpc21xx.o(.text)
    os_error                                 0x00000454   ARM Code       8  rtx_conf_lpc21xx.o(.text)
    os_tmr_init                              0x00000471   Thumb Code    34  rtx_conf_lpc21xx.o(.text)
    __RL_RTX_VER                             0x00000473   Number         0  rt_system.o ABSOLUTE
    os_tmr_force_irq                         0x00000495   Thumb Code     8  rtx_conf_lpc21xx.o(.text)
    os_tmr_inspect_cnt                       0x0000049d   Thumb Code     6  rtx_conf_lpc21xx.o(.text)
    os_tmr_inspect_ovf                       0x000004a5   Thumb Code    10  rtx_conf_lpc21xx.o(.text)
    os_irq_ack_lock                          0x000004b1   Thumb Code    20  rtx_conf_lpc21xx.o(.text)
    __SWI_5                                  0x000004c5   Thumb Code     8  rtx_conf_lpc21xx.o(.text)
    tsk_unlock                               0x000004cd   Thumb Code     8  rtx_conf_lpc21xx.o(.text)
    __user_perthread_libspace                0x000004d5   Thumb Code    30  rtx_conf_lpc21xx.o(.text)
    _mutex_initialize                        0x000004f5   Thumb Code    34  rtx_conf_lpc21xx.o(.text)
    _mutex_acquire                           0x00000519   Thumb Code    22  rtx_conf_lpc21xx.o(.text)
    _mutex_release                           0x00000531   Thumb Code    20  rtx_conf_lpc21xx.o(.text)
    task2                                    0x00000574   ARM Code      56  led_blink_main.o(.text)
    task1                                    0x000005ac   ARM Code      76  led_blink_main.o(.text)
    main                                     0x000005f8   ARM Code      60  led_blink_main.o(.text)
    __user_libspace                          0x0000063c   ARM Code      12  libspace.o(.text)
    __user_perproc_libspace                  0x0000063c   ARM Code       0  libspace.o(.text)
    __use_two_region_memory                  0x00000649   Thumb Code     2  heapauxi.o(.text)
    __rt_heap_escrow$2region                 0x0000064b   Thumb Code     2  heapauxi.o(.text)
    __rt_heap_expand$2region                 0x0000064d   Thumb Code     2  heapauxi.o(.text)
    __user_setup_stackheap                   0x00000650   ARM Code      96  sys_stackheap_outer.o(.text)
    exit                                     0x000006b1   Thumb Code    12  exit.o(.text)
    Inline ARM to Thumb Veneer to _sys_exit  0x000006bc   ARM Code       8  sys_exit.o(.text)
    _sys_exit                                0x000006c5   Thumb Code     8  sys_exit.o(.text)
    __I$use$semihosting                      0x000006d0   ARM Code       0  use_no_semi.o(.text)
    __use_no_semihosting_swi                 0x000006d0   ARM Code       4  use_no_semi.o(.text)
    SWI_Count                                0x000006d4   Data           4  SWI_Table.o(SWI_TABLE)
    __semihosting_library_function           0x000006d4   ARM Code       0  indicate_semi.o(.text)
    SWI_Table                                0x000006d8   Data           0  SWI_Table.o(SWI_TABLE)
    Short Thumb to ARM Veneer to os_error    0x000006f9   Thumb Code     8  anon$$obj.o(Veneer$$Code)
    Short Thumb to ARM Veneer to os_tmr_call 0x00000701   Thumb Code     8  anon$$obj.o(Veneer$$Code)
    __SWI_0                                  0x00000709   Thumb Code    46  hal_arm.o(i.__SWI_0)
    __SWI_1                                  0x0000073d   Thumb Code    14  rt_membox.o(i.__SWI_1)
    __SWI_2                                  0x0000074b   Thumb Code    24  rt_membox.o(i.__SWI_2)
    __SWI_3                                  0x00000763   Thumb Code     8  hal_arm.o(i.__SWI_3)
    __SWI_4                                  0x0000076b   Thumb Code     8  hal_arm.o(i.__SWI_4)
    __SWI_6                                  0x00000773   Thumb Code     2  hal_arm.o(i.__SWI_6)
    __SWI_7                                  0x00000775   Thumb Code     2  hal_arm.o(i.__SWI_7)
    _init_box                                0x00000777   Thumb Code    74  rt_membox.o(i._init_box)
    os_block                                 0x000007c1   Thumb Code    58  rt_task.o(i.os_block)
    os_chk_robin                             0x00000809   Thumb Code    60  rt_robin.o(i.os_chk_robin)
    os_dec_dly                               0x00000851   Thumb Code   116  rt_list.o(i.os_dec_dly)
    os_dispatch                              0x000008cd   Thumb Code    60  rt_task.o(i.os_dispatch)
    Inline ARM to Thumb Veneer to os_dly_wait 0x00000910   ARM Code       8  rt_time.o(i.os_dly_wait)
    os_dly_wait                              0x00000919   Thumb Code    24  rt_time.o(i.os_dly_wait)
    os_evt_psh                               0x00000931   Thumb Code    74  rt_event.o(i.os_evt_psh)
    os_get_first                             0x00000981   Thumb Code    42  rt_list.o(i.os_get_first)
    os_init_robin                            0x000009f9   Thumb Code    16  rt_robin.o(i.os_init_robin)
    os_init_stack                            0x00000a11   Thumb Code   100  hal_arm.o(i.os_init_stack)
    os_mbx_psh                               0x00000a85   Thumb Code   132  rt_mailbox.o(i.os_mbx_psh)
    os_mut_init                              0x00000b0d   Thumb Code    44  rt_mutex.o(i.os_mut_init)
    os_mut_release                           0x00000b3d   Thumb Code   218  rt_mutex.o(i.os_mut_release)
    os_mut_wait                              0x00000c21   Thumb Code   128  rt_mutex.o(i.os_mut_wait)
    os_put_dly                               0x00000ca5   Thumb Code    76  rt_list.o(i.os_put_dly)
    os_put_prio                              0x00000cf5   Thumb Code    62  rt_list.o(i.os_put_prio)
    os_put_rdy_first                         0x00000d35   Thumb Code    14  rt_list.o(i.os_put_rdy_first)
    os_resort_prio                           0x00000d49   Thumb Code    48  rt_list.o(i.os_resort_prio)
    os_rmv_dly                               0x00000d7d   Thumb Code    44  rt_list.o(i.os_rmv_dly)
    os_rmv_list                              0x00000da9   Thumb Code    46  rt_list.o(i.os_rmv_list)
    os_sem_psh                               0x00000ddd   Thumb Code    50  rt_semaphore.o(i.os_sem_psh)
    os_stk_check                             0x00000e15   Thumb Code    38  hal_arm.o(i.os_stk_check)
    os_sys_init1                             0x00000e45   Thumb Code   162  rt_task.o(i.os_sys_init1)
    os_sys_manager                           0x00000f2d   Thumb Code   186  rt_system.o(i.os_sys_manager)
    os_tmr_tick                              0x00000ffd   Thumb Code    58  rt_timer.o(i.os_tmr_tick)
    Inline ARM to Thumb Veneer to os_tsk_create0 0x00001040   ARM Code       8  rt_task.o(i.os_tsk_create0)
    os_tsk_create0                           0x00001049   Thumb Code   130  rt_task.o(i.os_tsk_create0)
    os_tsk_self                              0x000010d9   Thumb Code    12  rt_task.o(i.os_tsk_self)
    os_maxtaskrun                            0x000010e8   Data           2  rtx_conf_lpc21xx.o(.constdata)
    os_stackinfo                             0x000010ec   Data           4  rtx_conf_lpc21xx.o(.constdata)
    os_rrobin                                0x000010f0   Data           4  rtx_conf_lpc21xx.o(.constdata)
    os_clockrate                             0x000010f4   Data           4  rtx_conf_lpc21xx.o(.constdata)
    os_timernum                              0x000010f8   Data           4  rtx_conf_lpc21xx.o(.constdata)
    mp_tcb_size                              0x000010fc   Data           2  rtx_conf_lpc21xx.o(.constdata)
    mp_stk_size                              0x00001100   Data           4  rtx_conf_lpc21xx.o(.constdata)
    os_fifo_size                             0x00001104   Data           1  rtx_conf_lpc21xx.o(.constdata)
    mp_tmr_size                              0x00001106   Data           2  rtx_conf_lpc21xx.o(.constdata)
    RL_RTX_Version                           0x00001108   Data           4  rt_system.o(.constdata)
    Region$$Table$$Base                      0x0000110c   Number         0  anon$$obj.o(Region$$Table)
    Region$$Table$$Limit                     0x0000112c   Number         0  anon$$obj.o(Region$$Table)
    m_tmr                                    0x40000000   Data           4  rtx_conf_lpc21xx.o(.data)
    tid1                                     0x40000008   Data           4  led_blink_main.o(.data)
    tid2                                     0x4000000c   Data           4  led_blink_main.o(.data)
    os_runtask                               0x40000010   Data           4  rt_task.o(.data)
    os_time                                  0x40000014   Data           4  rt_time.o(.data)
    sys_stktop                               0x40000018   Data           4  hal_arm.o(.data)
    sys_mode                                 0x4000001c   Data           1  hal_arm.o(.data)
    os_psh                                   0x40000020   Data           8  rt_system.o(.data)
    os_robin                                 0x40000028   Data           8  rt_robin.o(.data)
    os_tmr                                   0x40000030   Data           8  rt_timer.o(.data)
    mp_tcb                                   0x40000038   Data         348  rtx_conf_lpc21xx.o(.bss)
    mp_stk                                   0x40000198   Data        1416  rtx_conf_lpc21xx.o(.bss)
    os_fifo                                  0x40000720   Data         132  rtx_conf_lpc21xx.o(.bss)
    os_active_TCB                            0x400007a4   Data          24  rtx_conf_lpc21xx.o(.bss)
    os_idle_TCB                              0x40000a7c   Data          56  rt_task.o(.bss)
    os_rdy                                   0x40000ab4   Data          24  rt_list.o(.bss)
    os_dly                                   0x40000acc   Data          24  rt_list.o(.bss)
    __libspace_start                         0x40000ae4   Data          96  libspace.o(.bss)
    __temporary_stack_top$libspace           0x40000b44   Data           0  libspace.o(.bss)



==============================================================================

Memory Map of the image

  Image Entry point : 0x0000010c

  Load Region LR_IROM1 (Base: 0x00000000, Size: 0x00001164, Max: 0x00040000, ABSOLUTE)

    Execution Region ER_IROM1 (Base: 0x00000000, Size: 0x0000112c, Max: 0x00040000, ABSOLUTE)

    Base Addr    Size         Type   Attr      Idx    E Section Name        Object

    0x00000000   0x0000010c   Code   RO            3    RESET               startup.o
    0x0000010c   0x00000008   Code   RO          611  * !!!main             c_t.l(__main.o)
    0x00000114   0x0000003c   Code   RO          764    !!!scatter          c_t.l(__scatter.o)
    0x00000150   0x00000028   Code   RO          766    !!handler_copy      c_t.l(__scatter_copy.o)
    0x00000178   0x0000002c   Code   RO          768    !!handler_zi        c_t.l(__scatter_zi.o)
    0x000001a4   0x00000008   Ven    RO          638    .ARM.Collect$$libinit$$00000000  c_t.l(libinit.o)
    0x000001ac   0x00000002   Code   RO          638    .ARM.Collect$$libinit$$00000000  c_t.l(libinit.o)
    0x000001ae   0x00000000   Code   RO          642    .ARM.Collect$$libinit$$00000002  c_t.l(libinit2.o)
    0x000001ae   0x00000000   Code   RO          645    .ARM.Collect$$libinit$$00000008  c_t.l(libinit2.o)
    0x000001ae   0x00000000   Code   RO          647    .ARM.Collect$$libinit$$0000000A  c_t.l(libinit2.o)
    0x000001ae   0x00000000   Code   RO          649    .ARM.Collect$$libinit$$0000000C  c_t.l(libinit2.o)
    0x000001ae   0x00000000   Code   RO          652    .ARM.Collect$$libinit$$0000000F  c_t.l(libinit2.o)
    0x000001ae   0x00000000   Code   RO          654    .ARM.Collect$$libinit$$00000011  c_t.l(libinit2.o)
    0x000001ae   0x00000000   Code   RO          656    .ARM.Collect$$libinit$$00000013  c_t.l(libinit2.o)
    0x000001ae   0x00000000   Code   RO          658    .ARM.Collect$$libinit$$00000015  c_t.l(libinit2.o)
    0x000001ae   0x00000000   Code   RO          660    .ARM.Collect$$libinit$$00000017  c_t.l(libinit2.o)
    0x000001ae   0x00000000   Code   RO          662    .ARM.Collect$$libinit$$00000019  c_t.l(libinit2.o)
    0x000001ae   0x00000000   Code   RO          664    .ARM.Collect$$libinit$$0000001B  c_t.l(libinit2.o)
    0x000001ae   0x00000000   Code   RO          666    .ARM.Collect$$libinit$$0000001D  c_t.l(libinit2.o)
    0x000001ae   0x00000000   Code   RO          668    .ARM.Collect$$libinit$$0000001F  c_t.l(libinit2.o)
    0x000001ae   0x00000000   Code   RO          670    .ARM.Collect$$libinit$$00000021  c_t.l(libinit2.o)
    0x000001ae   0x00000000   Code   RO          672    .ARM.Collect$$libinit$$00000023  c_t.l(libinit2.o)
    0x000001ae   0x00000000   Code   RO          676    .ARM.Collect$$libinit$$0000002A  c_t.l(libinit2.o)
    0x000001ae   0x00000000   Code   RO          678    .ARM.Collect$$libinit$$0000002C  c_t.l(libinit2.o)
    0x000001ae   0x00000000   Code   RO          680    .ARM.Collect$$libinit$$0000002E  c_t.l(libinit2.o)
    0x000001ae   0x00000000   Code   RO          682    .ARM.Collect$$libinit$$00000030  c_t.l(libinit2.o)
    0x000001ae   0x0000000c   Code   RO          683    .ARM.Collect$$libinit$$00000031  c_t.l(libinit2.o)
    0x000001ba   0x00000002   PAD
    0x000001bc   0x00000008   Ven    RO          703    .ARM.Collect$$libshutdown$$00000000  c_t.l(libshutdown.o)
    0x000001c4   0x00000004   Code   RO          703    .ARM.Collect$$libshutdown$$00000000  c_t.l(libshutdown.o)
    0x000001c8   0x00000000   Code   RO          717    .ARM.Collect$$libshutdown$$00000003  c_t.l(libshutdown2.o)
    0x000001c8   0x00000000   Code   RO          720    .ARM.Collect$$libshutdown$$00000006  c_t.l(libshutdown2.o)
    0x000001c8   0x00000000   Code   RO          723    .ARM.Collect$$libshutdown$$00000009  c_t.l(libshutdown2.o)
    0x000001c8   0x00000000   Code   RO          725    .ARM.Collect$$libshutdown$$0000000B  c_t.l(libshutdown2.o)
    0x000001c8   0x00000000   Code   RO          728    .ARM.Collect$$libshutdown$$0000000E  c_t.l(libshutdown2.o)
    0x000001c8   0x00000006   Code   RO          729    .ARM.Collect$$libshutdown$$0000000F  c_t.l(libshutdown2.o)
    0x000001ce   0x00000002   PAD
    0x000001d0   0x00000000   Code   RO          613    .ARM.Collect$$rtentry$$00000000  c_t.l(rtentry.o)
    0x000001d0   0x00000000   Code   RO          615    .ARM.Collect$$rtentry$$00000002  c_t.l(rtentry2.o)
    0x000001d0   0x00000008   Code   RO          627    .ARM.Collect$$rtentry$$00000004  c_t.l(rtentry4.o)
    0x000001d8   0x00000000   Code   RO          617    .ARM.Collect$$rtentry$$00000009  c_t.l(rtentry2.o)
    0x000001d8   0x00000004   Code   RO          618    .ARM.Collect$$rtentry$$0000000A  c_t.l(rtentry2.o)
    0x000001dc   0x00000000   Code   RO          620    .ARM.Collect$$rtentry$$0000000C  c_t.l(rtentry2.o)
    0x000001dc   0x00000028   Code   RO          621    .ARM.Collect$$rtentry$$0000000D  c_t.l(rtentry2.o)
    0x00000204   0x00000004   Ven    RO          639    .ARM.Collect$$rtexit$$00000000  c_t.l(rtexit.o)
    0x00000208   0x00000004   Code   RO          639    .ARM.Collect$$rtexit$$00000000  c_t.l(rtexit.o)
    0x0000020c   0x00000000   Code   RO          685    .ARM.Collect$$rtexit$$00000002  c_t.l(rtexit2.o)
    0x0000020c   0x00000004   Code   RO          686    .ARM.Collect$$rtexit$$00000003  c_t.l(rtexit2.o)
    0x00000210   0x00000008   Code   RO          687    .ARM.Collect$$rtexit$$00000004  c_t.l(rtexit2.o)
    0x00000218   0x00000008   Ven    RO          220    .emb_text           RTX_ARM_L.LIB(hal_arm.o)
    0x00000220   0x00000204   Code   RO          220    .emb_text           RTX_ARM_L.LIB(hal_arm.o)
    0x00000424   0x00000020   Code   RO            4    .text               startup.o
    0x00000444   0x00000004   Ven    RO           11    .text               rtx_conf_lpc21xx.o
    0x00000448   0x00000028   Code   RO           11    .text               rtx_conf_lpc21xx.o
    0x00000470   0x00000104   Code   RO           12    .text               rtx_conf_lpc21xx.o
    0x00000574   0x000000c8   Code   RO           45    .text               led_blink_main.o
    0x0000063c   0x0000000c   Code   RO          606    .text               c_t.l(libspace.o)
    0x00000648   0x00000006   Code   RO          609    .text               c_t.l(heapauxi.o)
    0x0000064e   0x00000002   PAD
    0x00000650   0x00000060   Code   RO          629    .text               c_t.l(sys_stackheap_outer.o)
    0x000006b0   0x0000000c   Code   RO          631    .text               c_t.l(exit.o)
    0x000006bc   0x00000008   Ven    RO          695    .text               c_t.l(sys_exit.o)
    0x000006c4   0x0000000c   Code   RO          695    .text               c_t.l(sys_exit.o)
    0x000006d0   0x00000004   Code   RO          706    .text               c_t.l(use_no_semi.o)
    0x000006d4   0x00000000   Code   RO          708    .text               c_t.l(indicate_semi.o)
    0x000006d4   0x00000024   Code   RO          448    SWI_TABLE           RTX_ARM_L.LIB(SWI_Table.o)
    0x000006f8   0x00000008   Ven    RO          778    Veneer$$Code        anon$$obj.o
    0x00000700   0x00000008   Ven    RO          779    Veneer$$Code        anon$$obj.o
    0x00000708   0x00000034   Code   RO          221    i.__SWI_0           RTX_ARM_L.LIB(hal_arm.o)
    0x0000073c   0x0000000e   Code   RO          418    i.__SWI_1           RTX_ARM_L.LIB(rt_membox.o)
    0x0000074a   0x00000018   Code   RO          419    i.__SWI_2           RTX_ARM_L.LIB(rt_membox.o)
    0x00000762   0x00000008   Code   RO          222    i.__SWI_3           RTX_ARM_L.LIB(hal_arm.o)
    0x0000076a   0x00000008   Code   RO          223    i.__SWI_4           RTX_ARM_L.LIB(hal_arm.o)
    0x00000772   0x00000002   Code   RO          224    i.__SWI_6           RTX_ARM_L.LIB(hal_arm.o)
    0x00000774   0x00000002   Code   RO          225    i.__SWI_7           RTX_ARM_L.LIB(hal_arm.o)
    0x00000776   0x0000004a   Code   RO          421    i._init_box         RTX_ARM_L.LIB(rt_membox.o)
    0x000007c0   0x00000048   Code   RO           66    i.os_block          RTX_ARM_L.LIB(rt_task.o)
    0x00000808   0x00000048   Code   RO          397    i.os_chk_robin      RTX_ARM_L.LIB(rt_robin.o)
    0x00000850   0x0000007c   Code   RO          325    i.os_dec_dly        RTX_ARM_L.LIB(rt_list.o)
    0x000008cc   0x00000044   Code   RO           67    i.os_dispatch       RTX_ARM_L.LIB(rt_task.o)
    0x00000910   0x00000008   Ven    RO          159    i.os_dly_wait       RTX_ARM_L.LIB(rt_time.o)
    0x00000918   0x00000018   Code   RO          159    i.os_dly_wait       RTX_ARM_L.LIB(rt_time.o)
    0x00000930   0x00000050   Code   RO          454    i.os_evt_psh        RTX_ARM_L.LIB(rt_event.o)
    0x00000980   0x0000002a   Code   RO          326    i.os_get_first      RTX_ARM_L.LIB(rt_list.o)
    0x000009aa   0x00000002   PAD
    0x000009ac   0x0000004c   Code   RO           68    i.os_init_context   RTX_ARM_L.LIB(rt_task.o)
    0x000009f8   0x00000018   Code   RO          398    i.os_init_robin     RTX_ARM_L.LIB(rt_robin.o)
    0x00000a10   0x00000074   Code   RO          226    i.os_init_stack     RTX_ARM_L.LIB(hal_arm.o)
    0x00000a84   0x00000088   Code   RO          497    i.os_mbx_psh        RTX_ARM_L.LIB(rt_mailbox.o)
    0x00000b0c   0x00000030   Code   RO          196    i.os_mut_init       RTX_ARM_L.LIB(rt_mutex.o)
    0x00000b3c   0x000000e4   Code   RO          197    i.os_mut_release    RTX_ARM_L.LIB(rt_mutex.o)
    0x00000c20   0x00000084   Code   RO          198    i.os_mut_wait       RTX_ARM_L.LIB(rt_mutex.o)
    0x00000ca4   0x00000050   Code   RO          329    i.os_put_dly        RTX_ARM_L.LIB(rt_list.o)
    0x00000cf4   0x0000003e   Code   RO          330    i.os_put_prio       RTX_ARM_L.LIB(rt_list.o)
    0x00000d32   0x00000002   PAD
    0x00000d34   0x00000014   Code   RO          331    i.os_put_rdy_first  RTX_ARM_L.LIB(rt_list.o)
    0x00000d48   0x00000034   Code   RO          332    i.os_resort_prio    RTX_ARM_L.LIB(rt_list.o)
    0x00000d7c   0x0000002c   Code   RO          333    i.os_rmv_dly        RTX_ARM_L.LIB(rt_list.o)
    0x00000da8   0x00000034   Code   RO          334    i.os_rmv_list       RTX_ARM_L.LIB(rt_list.o)
    0x00000ddc   0x00000038   Code   RO          543    i.os_sem_psh        RTX_ARM_L.LIB(rt_semaphore.o)
    0x00000e14   0x00000030   Code   RO          227    i.os_stk_check      RTX_ARM_L.LIB(hal_arm.o)
    0x00000e44   0x000000e8   Code   RO           69    i.os_sys_init1      RTX_ARM_L.LIB(rt_task.o)
    0x00000f2c   0x000000d0   Code   RO          283    i.os_sys_manager    RTX_ARM_L.LIB(rt_system.o)
    0x00000ffc   0x00000044   Code   RO          579    i.os_tmr_tick       RTX_ARM_L.LIB(rt_timer.o)
    0x00001040   0x00000008   Ven    RO           70    i.os_tsk_create0    RTX_ARM_L.LIB(rt_task.o)
    0x00001048   0x00000090   Code   RO           70    i.os_tsk_create0    RTX_ARM_L.LIB(rt_task.o)
    0x000010d8   0x00000010   Code   RO           75    i.os_tsk_self       RTX_ARM_L.LIB(rt_task.o)
    0x000010e8   0x00000020   Data   RO           14    .constdata          rtx_conf_lpc21xx.o
    0x00001108   0x00000004   Data   RO          284    .constdata          RTX_ARM_L.LIB(rt_system.o)
    0x0000110c   0x00000020   Data   RO          762    Region$$Table       anon$$obj.o


    Execution Region RW_IRAM1 (Base: 0x40000000, Size: 0x00000fd0, Max: 0x00004000, ABSOLUTE)

    Base Addr    Size         Type   Attr      Idx    E Section Name        Object

    0x40000000   0x00000008   Data   RW           15    .data               rtx_conf_lpc21xx.o
    0x40000008   0x00000008   Data   RW           46    .data               led_blink_main.o
    0x40000010   0x00000004   Data   RW           77    .data               RTX_ARM_L.LIB(rt_task.o)
    0x40000014   0x00000004   Data   RW          163    .data               RTX_ARM_L.LIB(rt_time.o)
    0x40000018   0x00000004   Data   RW          228    .data               RTX_ARM_L.LIB(hal_arm.o)
    0x4000001c   0x00000001   Data   RW          229    .data               RTX_ARM_L.LIB(hal_arm.o)
    0x4000001d   0x00000003   PAD
    0x40000020   0x00000008   Data   RW          285    .data               RTX_ARM_L.LIB(rt_system.o)
    0x40000028   0x00000008   Data   RW          399    .data               RTX_ARM_L.LIB(rt_robin.o)
    0x40000030   0x00000008   Data   RW          580    .data               RTX_ARM_L.LIB(rt_timer.o)
    0x40000038   0x00000a44   Zero   RW           13    .bss                rtx_conf_lpc21xx.o
    0x40000a7c   0x00000038   Zero   RW           76    .bss                RTX_ARM_L.LIB(rt_task.o)
    0x40000ab4   0x00000030   Zero   RW          335    .bss                RTX_ARM_L.LIB(rt_list.o)
    0x40000ae4   0x00000060   Zero   RW          607    .bss                c_t.l(libspace.o)
    0x40000b44   0x00000004   PAD
    0x40000b48   0x00000000   Zero   RW            2    HEAP                startup.o
    0x40000b48   0x00000488   Zero   RW            1    STACK               startup.o


==============================================================================

Image component sizes


      Code (inc. data)   RO Data    RW Data    ZI Data      Debug   Object Name

       200          8          0          8          0       6107   led_blink_main.o
       300         48         32          8       2628      10761   rtx_conf_lpc21xx.o
       300         60          0          0       1160        452   startup.o

    ----------------------------------------------------------------------
       820        116         64         16       3788      17320   Object Totals
        20          0         32          0          0          0   (incl. Generated)
         0          0          0          0          0          0   (incl. Padding)

    ----------------------------------------------------------------------

      Code (inc. data)   RO Data    RW Data    ZI Data      Debug   Library Member Name

        36         36          0          0          0        140   SWI_Table.o
       760         80          0          5          0       3843   hal_arm.o
        80          6          0          0          0        525   rt_event.o
       476         28          0          0         48       3930   rt_list.o
       136          4          0          0          0        573   rt_mailbox.o
       112          0          0          0          0       1464   rt_membox.o
       408         18          0          0          0       1861   rt_mutex.o
        96         20          0          8          0        962   rt_robin.o
        56          6          0          0          0        485   rt_semaphore.o
       208         22          4          8          0       1185   rt_system.o
       616        116          0          4         56       5616   rt_task.o
        32          0          0          4          0        572   rt_time.o
        68         10          0          8          0        619   rt_timer.o
         8          0          0          0          0         68   __main.o
        60          8          0          0          0          0   __scatter.o
        40          0          0          0          0          0   __scatter_copy.o
        44          0          0          0          0          0   __scatter_zi.o
        12          0          0          0          0         64   exit.o
         6          0          0          0          0        136   heapauxi.o
         0          0          0          0          0          0   indicate_semi.o
        10          0          0          0          0          0   libinit.o
        12          0          0          0          0          0   libinit2.o
        12          0          0          0          0          0   libshutdown.o
         6          0          0          0          0          0   libshutdown2.o
        12          4          0          0         96         68   libspace.o
         0          0          0          0          0          0   rtentry.o
        44          4          0          0          0          0   rtentry2.o
         8          0          0          0          0          0   rtentry4.o
         8          0          0          0          0          0   rtexit.o
        12          0          0          0          0          0   rtexit2.o
        20          4          0          0          0         60   sys_exit.o
        96          0          0          0          0         80   sys_stackheap_outer.o
         4          0          0          0          0         68   use_no_semi.o

    ----------------------------------------------------------------------
      3508        366          4         40        204      22319   Library Totals
        10          0          0          3          4          0   (incl. Padding)

    ----------------------------------------------------------------------

      Code (inc. data)   RO Data    RW Data    ZI Data      Debug   Library Name

      3084        346          4         37        104      21775   RTX_ARM_L.LIB
       414         20          0          0         96        544   c_t.l

    ----------------------------------------------------------------------
      3508        366          4         40        204      22319   Library Totals

    ----------------------------------------------------------------------

==============================================================================


      Code (inc. data)   RO Data    RW Data    ZI Data      Debug   

      4328        482         68         56       3992      37803   Grand Totals
      4328        482         68         56       3992      37803   ELF Image Totals
      4328        482         68         56          0          0   ROM Totals

==============================================================================

    Total RO  Size (Code + RO Data)                 4396 (   4.29kB)
    Total RW  Size (RW Data + ZI Data)              4048 (   3.95kB)
    Total ROM Size (Code + RO Data + RW Data)       4452 (   4.35kB)

==============================================================================

